[26.428s] Invoking command in '/home/dalw/pb_ws/src/pb-j_control': PYTHONPATH=/home/dalw/pb_ws/build/puzzlebot_control/prefix_override:/usr/lib/python3/dist-packages/colcon_core/task/python/colcon_distutils_commands:/home/dalw/pb_ws/install/puzzlebot_control/lib/python3.10/site-packages:${PYTHONPATH} /usr/bin/python3 -W ignore:setup.py install is deprecated -W ignore:easy_install command is deprecated setup.py egg_info --egg-base ../../build/puzzlebot_control build --build-base /home/dalw/pb_ws/build/puzzlebot_control/build install --record /home/dalw/pb_ws/build/puzzlebot_control/install.log --single-version-externally-managed install_data
[34.173s] running egg_info
[34.215s] writing ../../build/puzzlebot_control/puzzlebot_control.egg-info/PKG-INFO
[34.229s] writing dependency_links to ../../build/puzzlebot_control/puzzlebot_control.egg-info/dependency_links.txt
[34.253s] writing entry points to ../../build/puzzlebot_control/puzzlebot_control.egg-info/entry_points.txt
[34.254s] writing requirements to ../../build/puzzlebot_control/puzzlebot_control.egg-info/requires.txt
[34.256s] writing top-level names to ../../build/puzzlebot_control/puzzlebot_control.egg-info/top_level.txt
[34.329s] reading manifest file '../../build/puzzlebot_control/puzzlebot_control.egg-info/SOURCES.txt'
[34.329s] writing manifest file '../../build/puzzlebot_control/puzzlebot_control.egg-info/SOURCES.txt'
[34.363s] running build
[34.364s] running build_py
[34.364s] running install
[34.364s] running install_lib
[34.452s] running install_data
[34.453s] running install_egg_info
[34.486s] removing '/home/dalw/pb_ws/install/puzzlebot_control/lib/python3.10/site-packages/puzzlebot_control-1.0.0-py3.10.egg-info' (and everything under it)
[34.486s] Copying ../../build/puzzlebot_control/puzzlebot_control.egg-info to /home/dalw/pb_ws/install/puzzlebot_control/lib/python3.10/site-packages/puzzlebot_control-1.0.0-py3.10.egg-info
[34.526s] running install_scripts
[35.403s] Installing ctc_controller script to /home/dalw/pb_ws/install/puzzlebot_control/lib/puzzlebot_control
[35.404s] Installing dashboard script to /home/dalw/pb_ws/install/puzzlebot_control/lib/puzzlebot_control
[35.414s] Installing ismc_controller script to /home/dalw/pb_ws/install/puzzlebot_control/lib/puzzlebot_control
[35.414s] Installing lyapunov_benchmark script to /home/dalw/pb_ws/install/puzzlebot_control/lib/puzzlebot_control
[35.416s] Installing ph_controller script to /home/dalw/pb_ws/install/puzzlebot_control/lib/puzzlebot_control
[35.416s] Installing pid_controller script to /home/dalw/pb_ws/install/puzzlebot_control/lib/puzzlebot_control
[35.417s] Installing puzzlebot_sim script to /home/dalw/pb_ws/install/puzzlebot_control/lib/puzzlebot_control
[35.417s] Installing smc_controller script to /home/dalw/pb_ws/install/puzzlebot_control/lib/puzzlebot_control
[35.471s] Installing teleop_keyboard script to /home/dalw/pb_ws/install/puzzlebot_control/lib/puzzlebot_control
[35.505s] Installing terrain_perturb script to /home/dalw/pb_ws/install/puzzlebot_control/lib/puzzlebot_control
[35.522s] writing list of installed files to '/home/dalw/pb_ws/build/puzzlebot_control/install.log'
[36.186s] Invoked command in '/home/dalw/pb_ws/src/pb-j_control' returned '0': PYTHONPATH=/home/dalw/pb_ws/build/puzzlebot_control/prefix_override:/usr/lib/python3/dist-packages/colcon_core/task/python/colcon_distutils_commands:/home/dalw/pb_ws/install/puzzlebot_control/lib/python3.10/site-packages:${PYTHONPATH} /usr/bin/python3 -W ignore:setup.py install is deprecated -W ignore:easy_install command is deprecated setup.py egg_info --egg-base ../../build/puzzlebot_control build --build-base /home/dalw/pb_ws/build/puzzlebot_control/build install --record /home/dalw/pb_ws/build/puzzlebot_control/install.log --single-version-externally-managed install_data
