[0.579s] DEBUG:colcon:Command line arguments: ['/usr/bin/colcon', 'build', '--packages-select', 'puzzlebot_control']
[0.579s] DEBUG:colcon:Parsed command line arguments: Namespace(log_base=None, log_level=None, verb_name='build', build_base='build', install_base='install', merge_install=False, symlink_install=False, test_result_base=None, continue_on_error=False, executor='parallel', parallel_workers=4, event_handlers=None, ignore_user_meta=False, metas=['./colcon.meta'], base_paths=['.'], packages_ignore=None, packages_ignore_regex=None, paths=None, packages_up_to=None, packages_up_to_regex=None, packages_above=None, packages_above_and_dependencies=None, packages_above_depth=None, packages_select_by_dep=None, packages_skip_by_dep=None, packages_skip_up_to=None, packages_select_build_failed=False, packages_skip_build_finished=False, packages_select_test_failures=False, packages_skip_test_passed=False, packages_select=['puzzlebot_control'], packages_skip=None, packages_select_regex=None, packages_skip_regex=None, packages_start=None, packages_end=None, allow_overriding=[], cmake_args=None, cmake_target=None, cmake_target_skip_unavailable=False, cmake_clean_cache=False, cmake_clean_first=False, cmake_force_configure=False, ament_cmake_args=None, catkin_cmake_args=None, catkin_skip_building_tests=False, verb_parser=<colcon_defaults.argument_parser.defaults.DefaultArgumentsDecorator object at 0x77a2cd731cc0>, verb_extension=<colcon_core.verb.build.BuildVerb object at 0x77a2cd8c3340>, main=<bound method BuildVerb.main of <colcon_core.verb.build.BuildVerb object at 0x77a2cd8c3340>>)
[0.953s] Level 1:colcon.colcon_core.package_discovery:discover_packages(colcon_meta) check parameters
[0.953s] Level 1:colcon.colcon_core.package_discovery:discover_packages(recursive) check parameters
[0.953s] Level 1:colcon.colcon_core.package_discovery:discover_packages(ignore) check parameters
[0.953s] Level 1:colcon.colcon_core.package_discovery:discover_packages(path) check parameters
[0.953s] Level 1:colcon.colcon_core.package_discovery:discover_packages(colcon_meta) discover
[0.953s] Level 1:colcon.colcon_core.package_discovery:discover_packages(recursive) discover
[0.954s] INFO:colcon.colcon_core.package_discovery:Crawling recursively for packages in '/home/dalw/pb_ws'
[0.954s] Level 1:colcon.colcon_core.package_identification:_identify(.) by extensions ['ignore', 'ignore_ament_install']
[0.954s] Level 1:colcon.colcon_core.package_identification:_identify(.) by extension 'ignore'
[0.954s] Level 1:colcon.colcon_core.package_identification:_identify(.) by extension 'ignore_ament_install'
[0.954s] Level 1:colcon.colcon_core.package_identification:_identify(.) by extensions ['colcon_pkg']
[0.954s] Level 1:colcon.colcon_core.package_identification:_identify(.) by extension 'colcon_pkg'
[0.954s] Level 1:colcon.colcon_core.package_identification:_identify(.) by extensions ['colcon_meta']
[0.954s] Level 1:colcon.colcon_core.package_identification:_identify(.) by extension 'colcon_meta'
[0.954s] Level 1:colcon.colcon_core.package_identification:_identify(.) by extensions ['ros']
[0.954s] Level 1:colcon.colcon_core.package_identification:_identify(.) by extension 'ros'
[0.977s] Level 1:colcon.colcon_core.package_identification:_identify(.) by extensions ['cmake', 'python']
[0.978s] Level 1:colcon.colcon_core.package_identification:_identify(.) by extension 'cmake'
[0.978s] Level 1:colcon.colcon_core.package_identification:_identify(.) by extension 'python'
[0.978s] Level 1:colcon.colcon_core.package_identification:_identify(.) by extensions ['python_setup_py']
[0.978s] Level 1:colcon.colcon_core.package_identification:_identify(.) by extension 'python_setup_py'
[0.978s] Level 1:colcon.colcon_core.package_identification:_identify(build) by extensions ['ignore', 'ignore_ament_install']
[0.978s] Level 1:colcon.colcon_core.package_identification:_identify(build) by extension 'ignore'
[0.978s] Level 1:colcon.colcon_core.package_identification:_identify(build) ignored
[0.978s] Level 1:colcon.colcon_core.package_identification:_identify(install) by extensions ['ignore', 'ignore_ament_install']
[0.978s] Level 1:colcon.colcon_core.package_identification:_identify(install) by extension 'ignore'
[0.978s] Level 1:colcon.colcon_core.package_identification:_identify(install) ignored
[0.978s] Level 1:colcon.colcon_core.package_identification:_identify(log) by extensions ['ignore', 'ignore_ament_install']
[0.978s] Level 1:colcon.colcon_core.package_identification:_identify(log) by extension 'ignore'
[0.979s] Level 1:colcon.colcon_core.package_identification:_identify(log) ignored
[0.979s] Level 1:colcon.colcon_core.package_identification:_identify(src) by extensions ['ignore', 'ignore_ament_install']
[0.979s] Level 1:colcon.colcon_core.package_identification:_identify(src) by extension 'ignore'
[0.979s] Level 1:colcon.colcon_core.package_identification:_identify(src) by extension 'ignore_ament_install'
[0.979s] Level 1:colcon.colcon_core.package_identification:_identify(src) by extensions ['colcon_pkg']
[0.979s] Level 1:colcon.colcon_core.package_identification:_identify(src) by extension 'colcon_pkg'
[0.979s] Level 1:colcon.colcon_core.package_identification:_identify(src) by extensions ['colcon_meta']
[0.979s] Level 1:colcon.colcon_core.package_identification:_identify(src) by extension 'colcon_meta'
[0.979s] Level 1:colcon.colcon_core.package_identification:_identify(src) by extensions ['ros']
[0.979s] Level 1:colcon.colcon_core.package_identification:_identify(src) by extension 'ros'
[0.979s] Level 1:colcon.colcon_core.package_identification:_identify(src) by extensions ['cmake', 'python']
[0.979s] Level 1:colcon.colcon_core.package_identification:_identify(src) by extension 'cmake'
[0.979s] Level 1:colcon.colcon_core.package_identification:_identify(src) by extension 'python'
[0.979s] Level 1:colcon.colcon_core.package_identification:_identify(src) by extensions ['python_setup_py']
[0.979s] Level 1:colcon.colcon_core.package_identification:_identify(src) by extension 'python_setup_py'
[0.979s] Level 1:colcon.colcon_core.package_identification:_identify(src/build) by extensions ['ignore', 'ignore_ament_install']
[0.979s] Level 1:colcon.colcon_core.package_identification:_identify(src/build) by extension 'ignore'
[0.980s] Level 1:colcon.colcon_core.package_identification:_identify(src/build) ignored
[0.980s] Level 1:colcon.colcon_core.package_identification:_identify(src/install) by extensions ['ignore', 'ignore_ament_install']
[0.980s] Level 1:colcon.colcon_core.package_identification:_identify(src/install) by extension 'ignore'
[0.980s] Level 1:colcon.colcon_core.package_identification:_identify(src/install) ignored
[0.980s] Level 1:colcon.colcon_core.package_identification:_identify(src/log) by extensions ['ignore', 'ignore_ament_install']
[0.980s] Level 1:colcon.colcon_core.package_identification:_identify(src/log) by extension 'ignore'
[0.980s] Level 1:colcon.colcon_core.package_identification:_identify(src/log) ignored
[0.980s] Level 1:colcon.colcon_core.package_identification:_identify(src/pb-j_control) by extensions ['ignore', 'ignore_ament_install']
[0.980s] Level 1:colcon.colcon_core.package_identification:_identify(src/pb-j_control) by extension 'ignore'
[0.980s] Level 1:colcon.colcon_core.package_identification:_identify(src/pb-j_control) by extension 'ignore_ament_install'
[0.980s] Level 1:colcon.colcon_core.package_identification:_identify(src/pb-j_control) by extensions ['colcon_pkg']
[0.980s] Level 1:colcon.colcon_core.package_identification:_identify(src/pb-j_control) by extension 'colcon_pkg'
[0.980s] Level 1:colcon.colcon_core.package_identification:_identify(src/pb-j_control) by extensions ['colcon_meta']
[0.980s] Level 1:colcon.colcon_core.package_identification:_identify(src/pb-j_control) by extension 'colcon_meta'
[0.980s] Level 1:colcon.colcon_core.package_identification:_identify(src/pb-j_control) by extensions ['ros']
[0.980s] Level 1:colcon.colcon_core.package_identification:_identify(src/pb-j_control) by extension 'ros'
[0.985s] DEBUG:colcon.colcon_core.package_identification:Package 'src/pb-j_control' with type 'ros.ament_python' and name 'puzzlebot_control'
[0.985s] Level 1:colcon.colcon_core.package_identification:_identify(src/puzzlebot_control) by extensions ['ignore', 'ignore_ament_install']
[0.985s] Level 1:colcon.colcon_core.package_identification:_identify(src/puzzlebot_control) by extension 'ignore'
[0.985s] Level 1:colcon.colcon_core.package_identification:_identify(src/puzzlebot_control) by extension 'ignore_ament_install'
[0.985s] Level 1:colcon.colcon_core.package_identification:_identify(src/puzzlebot_control) by extensions ['colcon_pkg']
[0.985s] Level 1:colcon.colcon_core.package_identification:_identify(src/puzzlebot_control) by extension 'colcon_pkg'
[0.985s] Level 1:colcon.colcon_core.package_identification:_identify(src/puzzlebot_control) by extensions ['colcon_meta']
[0.985s] Level 1:colcon.colcon_core.package_identification:_identify(src/puzzlebot_control) by extension 'colcon_meta'
[0.985s] Level 1:colcon.colcon_core.package_identification:_identify(src/puzzlebot_control) by extensions ['ros']
[0.985s] Level 1:colcon.colcon_core.package_identification:_identify(src/puzzlebot_control) by extension 'ros'
[0.985s] Level 1:colcon.colcon_core.package_identification:_identify(src/puzzlebot_control) by extensions ['cmake', 'python']
[0.986s] Level 1:colcon.colcon_core.package_identification:_identify(src/puzzlebot_control) by extension 'cmake'
[0.986s] Level 1:colcon.colcon_core.package_identification:_identify(src/puzzlebot_control) by extension 'python'
[0.986s] Level 1:colcon.colcon_core.package_identification:_identify(src/puzzlebot_control) by extensions ['python_setup_py']
[0.986s] Level 1:colcon.colcon_core.package_identification:_identify(src/puzzlebot_control) by extension 'python_setup_py'
[0.986s] Level 1:colcon.colcon_core.package_identification:_identify(src/puzzlebot_control/build) by extensions ['ignore', 'ignore_ament_install']
[0.986s] Level 1:colcon.colcon_core.package_identification:_identify(src/puzzlebot_control/build) by extension 'ignore'
[0.986s] Level 1:colcon.colcon_core.package_identification:_identify(src/puzzlebot_control/build) ignored
[0.989s] Level 1:colcon.colcon_core.package_identification:_identify(src/puzzlebot_control/install) by extensions ['ignore', 'ignore_ament_install']
[0.989s] Level 1:colcon.colcon_core.package_identification:_identify(src/puzzlebot_control/install) by extension 'ignore'
[0.989s] Level 1:colcon.colcon_core.package_identification:_identify(src/puzzlebot_control/install) ignored
[0.989s] Level 1:colcon.colcon_core.package_identification:_identify(src/puzzlebot_control/log) by extensions ['ignore', 'ignore_ament_install']
[0.992s] Level 1:colcon.colcon_core.package_identification:_identify(src/puzzlebot_control/log) by extension 'ignore'
[0.992s] Level 1:colcon.colcon_core.package_identification:_identify(src/puzzlebot_control/log) ignored
[0.992s] Level 1:colcon.colcon_core.package_discovery:discover_packages(recursive) using defaults
[0.992s] Level 1:colcon.colcon_core.package_discovery:discover_packages(ignore) discover
[0.992s] Level 1:colcon.colcon_core.package_discovery:discover_packages(ignore) using defaults
[0.992s] Level 1:colcon.colcon_core.package_discovery:discover_packages(path) discover
[0.992s] Level 1:colcon.colcon_core.package_discovery:discover_packages(path) using defaults
[1.035s] Level 1:colcon.colcon_core.package_discovery:discover_packages(prefix_path) check parameters
[1.035s] Level 1:colcon.colcon_core.package_discovery:discover_packages(prefix_path) discover
[1.040s] DEBUG:colcon.colcon_installed_package_information.package_discovery:Found 3 installed packages in /home/dalw/uros_ws/install
[1.041s] DEBUG:colcon.colcon_installed_package_information.package_discovery:Found 16 installed packages in /home/dalw/dev_ws/install
[1.044s] DEBUG:colcon.colcon_installed_package_information.package_discovery:Found 381 installed packages in /opt/ros/humble
[1.047s] Level 1:colcon.colcon_core.package_discovery:discover_packages(prefix_path) using defaults
[1.127s] Level 5:colcon.colcon_core.verb:set package 'puzzlebot_control' build argument 'cmake_args' from command line to 'None'
[1.127s] Level 5:colcon.colcon_core.verb:set package 'puzzlebot_control' build argument 'cmake_target' from command line to 'None'
[1.127s] Level 5:colcon.colcon_core.verb:set package 'puzzlebot_control' build argument 'cmake_target_skip_unavailable' from command line to 'False'
[1.127s] Level 5:colcon.colcon_core.verb:set package 'puzzlebot_control' build argument 'cmake_clean_cache' from command line to 'False'
[1.127s] Level 5:colcon.colcon_core.verb:set package 'puzzlebot_control' build argument 'cmake_clean_first' from command line to 'False'
[1.127s] Level 5:colcon.colcon_core.verb:set package 'puzzlebot_control' build argument 'cmake_force_configure' from command line to 'False'
[1.127s] Level 5:colcon.colcon_core.verb:set package 'puzzlebot_control' build argument 'ament_cmake_args' from command line to 'None'
[1.127s] Level 5:colcon.colcon_core.verb:set package 'puzzlebot_control' build argument 'catkin_cmake_args' from command line to 'None'
[1.127s] Level 5:colcon.colcon_core.verb:set package 'puzzlebot_control' build argument 'catkin_skip_building_tests' from command line to 'False'
[1.127s] DEBUG:colcon.colcon_core.verb:Building package 'puzzlebot_control' with the following arguments: {'ament_cmake_args': None, 'build_base': '/home/dalw/pb_ws/build/puzzlebot_control', 'catkin_cmake_args': None, 'catkin_skip_building_tests': False, 'cmake_args': None, 'cmake_clean_cache': False, 'cmake_clean_first': False, 'cmake_force_configure': False, 'cmake_target': None, 'cmake_target_skip_unavailable': False, 'install_base': '/home/dalw/pb_ws/install/puzzlebot_control', 'merge_install': False, 'path': '/home/dalw/pb_ws/src/pb-j_control', 'symlink_install': False, 'test_result_base': None}
[1.128s] INFO:colcon.colcon_core.executor:Executing jobs using 'parallel' executor
[1.131s] DEBUG:colcon.colcon_parallel_executor.executor.parallel:run_until_complete
[1.132s] INFO:colcon.colcon_ros.task.ament_python.build:Building ROS package in '/home/dalw/pb_ws/src/pb-j_control' with build type 'ament_python'
[1.132s] Level 1:colcon.colcon_core.shell:create_environment_hook('puzzlebot_control', 'ament_prefix_path')
[1.137s] INFO:colcon.colcon_core.plugin_system:Skipping extension 'colcon_core.shell.bat': Not used on non-Windows systems
[1.138s] INFO:colcon.colcon_core.shell:Creating environment hook '/home/dalw/pb_ws/install/puzzlebot_control/share/puzzlebot_control/hook/ament_prefix_path.ps1'
[1.139s] INFO:colcon.colcon_core.shell:Creating environment descriptor '/home/dalw/pb_ws/install/puzzlebot_control/share/puzzlebot_control/hook/ament_prefix_path.dsv'
[1.141s] INFO:colcon.colcon_core.shell:Creating environment hook '/home/dalw/pb_ws/install/puzzlebot_control/share/puzzlebot_control/hook/ament_prefix_path.sh'
[1.143s] INFO:colcon.colcon_core.shell:Skip shell extension 'powershell' for command environment: Not usable outside of PowerShell
[1.143s] DEBUG:colcon.colcon_core.shell:Skip shell extension 'dsv' for command environment
[1.741s] INFO:colcon.colcon_core.task.python.build:Building Python package in '/home/dalw/pb_ws/src/pb-j_control'
[1.742s] INFO:colcon.colcon_core.shell:Skip shell extension 'powershell' for command environment: Not usable outside of PowerShell
[1.742s] DEBUG:colcon.colcon_core.shell:Skip shell extension 'dsv' for command environment
[2.859s] DEBUG:colcon.colcon_core.event_handler.log_command:Invoking command in '/home/dalw/pb_ws/src/pb-j_control': PYTHONPATH=/home/dalw/pb_ws/build/puzzlebot_control/prefix_override:/usr/lib/python3/dist-packages/colcon_core/task/python/colcon_distutils_commands:/home/dalw/pb_ws/install/puzzlebot_control/lib/python3.10/site-packages:${PYTHONPATH} /usr/bin/python3 -W ignore:setup.py install is deprecated -W ignore:easy_install command is deprecated setup.py egg_info --egg-base ../../build/puzzlebot_control build --build-base /home/dalw/pb_ws/build/puzzlebot_control/build install --record /home/dalw/pb_ws/build/puzzlebot_control/install.log --single-version-externally-managed install_data
[3.772s] DEBUG:colcon.colcon_core.event_handler.log_command:Invoked command in '/home/dalw/pb_ws/src/pb-j_control' returned '0': PYTHONPATH=/home/dalw/pb_ws/build/puzzlebot_control/prefix_override:/usr/lib/python3/dist-packages/colcon_core/task/python/colcon_distutils_commands:/home/dalw/pb_ws/install/puzzlebot_control/lib/python3.10/site-packages:${PYTHONPATH} /usr/bin/python3 -W ignore:setup.py install is deprecated -W ignore:easy_install command is deprecated setup.py egg_info --egg-base ../../build/puzzlebot_control build --build-base /home/dalw/pb_ws/build/puzzlebot_control/build install --record /home/dalw/pb_ws/build/puzzlebot_control/install.log --single-version-externally-managed install_data
[3.781s] Level 1:colcon.colcon_core.environment:checking '/home/dalw/pb_ws/install/puzzlebot_control' for CMake module files
[3.784s] Level 1:colcon.colcon_core.environment:checking '/home/dalw/pb_ws/install/puzzlebot_control' for CMake config files
[3.787s] Level 1:colcon.colcon_core.environment:checking '/home/dalw/pb_ws/install/puzzlebot_control/lib'
[3.789s] Level 1:colcon.colcon_core.environment:checking '/home/dalw/pb_ws/install/puzzlebot_control/bin'
[3.789s] Level 1:colcon.colcon_core.environment:checking '/home/dalw/pb_ws/install/puzzlebot_control/lib/pkgconfig/puzzlebot_control.pc'
[3.790s] Level 1:colcon.colcon_core.environment:checking '/home/dalw/pb_ws/install/puzzlebot_control/lib/python3.10/site-packages'
[3.790s] Level 1:colcon.colcon_core.shell:create_environment_hook('puzzlebot_control', 'pythonpath')
[3.790s] INFO:colcon.colcon_core.shell:Creating environment hook '/home/dalw/pb_ws/install/puzzlebot_control/share/puzzlebot_control/hook/pythonpath.ps1'
[3.792s] INFO:colcon.colcon_core.shell:Creating environment descriptor '/home/dalw/pb_ws/install/puzzlebot_control/share/puzzlebot_control/hook/pythonpath.dsv'
[3.792s] INFO:colcon.colcon_core.shell:Creating environment hook '/home/dalw/pb_ws/install/puzzlebot_control/share/puzzlebot_control/hook/pythonpath.sh'
[3.795s] Level 1:colcon.colcon_core.environment:checking '/home/dalw/pb_ws/install/puzzlebot_control/bin'
[3.795s] Level 1:colcon.colcon_core.environment:create_environment_scripts_only(puzzlebot_control)
[3.808s] INFO:colcon.colcon_core.shell:Creating package script '/home/dalw/pb_ws/install/puzzlebot_control/share/puzzlebot_control/package.ps1'
[3.811s] INFO:colcon.colcon_core.shell:Creating package descriptor '/home/dalw/pb_ws/install/puzzlebot_control/share/puzzlebot_control/package.dsv'
[3.813s] INFO:colcon.colcon_core.shell:Creating package script '/home/dalw/pb_ws/install/puzzlebot_control/share/puzzlebot_control/package.sh'
[3.815s] INFO:colcon.colcon_core.shell:Creating package script '/home/dalw/pb_ws/install/puzzlebot_control/share/puzzlebot_control/package.bash'
[3.818s] INFO:colcon.colcon_core.shell:Creating package script '/home/dalw/pb_ws/install/puzzlebot_control/share/puzzlebot_control/package.zsh'
[3.820s] Level 1:colcon.colcon_core.environment:create_file_with_runtime_dependencies(/home/dalw/pb_ws/install/puzzlebot_control/share/colcon-core/packages/puzzlebot_control)
[3.825s] DEBUG:colcon.colcon_parallel_executor.executor.parallel:closing loop
[3.828s] DEBUG:colcon.colcon_parallel_executor.executor.parallel:loop closed
[3.828s] DEBUG:colcon.colcon_parallel_executor.executor.parallel:run_until_complete finished with '0'
[3.828s] DEBUG:colcon.colcon_core.event_reactor:joining thread
[4.007s] INFO:colcon.colcon_core.plugin_system:Skipping extension 'colcon_notification.desktop_notification.notify_send': Could not find 'notify-send'
[4.007s] INFO:colcon.colcon_core.plugin_system:Skipping extension 'colcon_notification.desktop_notification.terminal_notifier': Not used on non-Darwin systems
[4.007s] INFO:colcon.colcon_core.plugin_system:Skipping extension 'colcon_notification.desktop_notification.win32': Not used on non-Windows systems
[4.007s] INFO:colcon.colcon_notification.desktop_notification:Sending desktop notification using 'notify2'
[4.011s] DEBUG:colcon.colcon_notification.desktop_notification.notify2:Failed to initialize notify2: org.freedesktop.DBus.Error.ServiceUnknown: The name org.freedesktop.Notifications was not provided by any .service files
[4.011s] DEBUG:colcon.colcon_core.event_reactor:joined thread
[4.012s] INFO:colcon.colcon_core.shell:Creating prefix script '/home/dalw/pb_ws/install/local_setup.ps1'
[4.016s] INFO:colcon.colcon_core.shell:Creating prefix util module '/home/dalw/pb_ws/install/_local_setup_util_ps1.py'
[4.028s] INFO:colcon.colcon_core.shell:Creating prefix chain script '/home/dalw/pb_ws/install/setup.ps1'
[4.035s] INFO:colcon.colcon_core.shell:Creating prefix script '/home/dalw/pb_ws/install/local_setup.sh'
[4.037s] INFO:colcon.colcon_core.shell:Creating prefix util module '/home/dalw/pb_ws/install/_local_setup_util_sh.py'
[4.040s] INFO:colcon.colcon_core.shell:Creating prefix chain script '/home/dalw/pb_ws/install/setup.sh'
[4.050s] INFO:colcon.colcon_core.shell:Creating prefix script '/home/dalw/pb_ws/install/local_setup.bash'
[4.052s] INFO:colcon.colcon_core.shell:Creating prefix chain script '/home/dalw/pb_ws/install/setup.bash'
[4.058s] INFO:colcon.colcon_core.shell:Creating prefix script '/home/dalw/pb_ws/install/local_setup.zsh'
[4.060s] INFO:colcon.colcon_core.shell:Creating prefix chain script '/home/dalw/pb_ws/install/setup.zsh'
