[2.181s] DEBUG:colcon:Command line arguments: ['/usr/bin/colcon', 'build']
[2.182s] DEBUG:colcon:Parsed command line arguments: Namespace(log_base=None, log_level=None, verb_name='build', build_base='build', install_base='install', merge_install=False, symlink_install=False, test_result_base=None, continue_on_error=False, executor='parallel', parallel_workers=4, event_handlers=None, ignore_user_meta=False, metas=['./colcon.meta'], base_paths=['.'], packages_ignore=None, packages_ignore_regex=None, paths=None, packages_up_to=None, packages_up_to_regex=None, packages_above=None, packages_above_and_dependencies=None, packages_above_depth=None, packages_select_by_dep=None, packages_skip_by_dep=None, packages_skip_up_to=None, packages_select_build_failed=False, packages_skip_build_finished=False, packages_select_test_failures=False, packages_skip_test_passed=False, packages_select=None, packages_skip=None, packages_select_regex=None, packages_skip_regex=None, packages_start=None, packages_end=None, allow_overriding=[], cmake_args=None, cmake_target=None, cmake_target_skip_unavailable=False, cmake_clean_cache=False, cmake_clean_first=False, cmake_force_configure=False, ament_cmake_args=None, catkin_cmake_args=None, catkin_skip_building_tests=False, verb_parser=<colcon_defaults.argument_parser.defaults.DefaultArgumentsDecorator object at 0x79e865549c90>, verb_extension=<colcon_core.verb.build.BuildVerb object at 0x79e8656bb310>, main=<bound method BuildVerb.main of <colcon_core.verb.build.BuildVerb object at 0x79e8656bb310>>)
[4.115s] Level 1:colcon.colcon_core.package_discovery:discover_packages(colcon_meta) check parameters
[4.115s] Level 1:colcon.colcon_core.package_discovery:discover_packages(recursive) check parameters
[4.115s] Level 1:colcon.colcon_core.package_discovery:discover_packages(ignore) check parameters
[4.115s] Level 1:colcon.colcon_core.package_discovery:discover_packages(path) check parameters
[4.115s] Level 1:colcon.colcon_core.package_discovery:discover_packages(colcon_meta) discover
[4.115s] Level 1:colcon.colcon_core.package_discovery:discover_packages(recursive) discover
[4.115s] INFO:colcon.colcon_core.package_discovery:Crawling recursively for packages in '/home/dalw/pb_ws'
[4.116s] Level 1:colcon.colcon_core.package_identification:_identify(.) by extensions ['ignore', 'ignore_ament_install']
[4.116s] Level 1:colcon.colcon_core.package_identification:_identify(.) by extension 'ignore'
[4.116s] Level 1:colcon.colcon_core.package_identification:_identify(.) by extension 'ignore_ament_install'
[4.117s] Level 1:colcon.colcon_core.package_identification:_identify(.) by extensions ['colcon_pkg']
[4.117s] Level 1:colcon.colcon_core.package_identification:_identify(.) by extension 'colcon_pkg'
[4.117s] Level 1:colcon.colcon_core.package_identification:_identify(.) by extensions ['colcon_meta']
[4.119s] Level 1:colcon.colcon_core.package_identification:_identify(.) by extension 'colcon_meta'
[4.120s] Level 1:colcon.colcon_core.package_identification:_identify(.) by extensions ['ros']
[4.120s] Level 1:colcon.colcon_core.package_identification:_identify(.) by extension 'ros'
[4.216s] Level 1:colcon.colcon_core.package_identification:_identify(.) by extensions ['cmake', 'python']
[4.216s] Level 1:colcon.colcon_core.package_identification:_identify(.) by extension 'cmake'
[4.217s] Level 1:colcon.colcon_core.package_identification:_identify(.) by extension 'python'
[4.217s] Level 1:colcon.colcon_core.package_identification:_identify(.) by extensions ['python_setup_py']
[4.221s] Level 1:colcon.colcon_core.package_identification:_identify(.) by extension 'python_setup_py'
[4.222s] Level 1:colcon.colcon_core.package_identification:_identify(build) by extensions ['ignore', 'ignore_ament_install']
[4.222s] Level 1:colcon.colcon_core.package_identification:_identify(build) by extension 'ignore'
[4.223s] Level 1:colcon.colcon_core.package_identification:_identify(build) ignored
[4.223s] Level 1:colcon.colcon_core.package_identification:_identify(install) by extensions ['ignore', 'ignore_ament_install']
[4.223s] Level 1:colcon.colcon_core.package_identification:_identify(install) by extension 'ignore'
[4.224s] Level 1:colcon.colcon_core.package_identification:_identify(install) ignored
[4.226s] Level 1:colcon.colcon_core.package_identification:_identify(log) by extensions ['ignore', 'ignore_ament_install']
[4.226s] Level 1:colcon.colcon_core.package_identification:_identify(log) by extension 'ignore'
[4.226s] Level 1:colcon.colcon_core.package_identification:_identify(log) ignored
[4.226s] Level 1:colcon.colcon_core.package_identification:_identify(src) by extensions ['ignore', 'ignore_ament_install']
[4.226s] Level 1:colcon.colcon_core.package_identification:_identify(src) by extension 'ignore'
[4.227s] Level 1:colcon.colcon_core.package_identification:_identify(src) by extension 'ignore_ament_install'
[4.227s] Level 1:colcon.colcon_core.package_identification:_identify(src) by extensions ['colcon_pkg']
[4.227s] Level 1:colcon.colcon_core.package_identification:_identify(src) by extension 'colcon_pkg'
[4.227s] Level 1:colcon.colcon_core.package_identification:_identify(src) by extensions ['colcon_meta']
[4.227s] Level 1:colcon.colcon_core.package_identification:_identify(src) by extension 'colcon_meta'
[4.228s] Level 1:colcon.colcon_core.package_identification:_identify(src) by extensions ['ros']
[4.229s] Level 1:colcon.colcon_core.package_identification:_identify(src) by extension 'ros'
[4.229s] Level 1:colcon.colcon_core.package_identification:_identify(src) by extensions ['cmake', 'python']
[4.229s] Level 1:colcon.colcon_core.package_identification:_identify(src) by extension 'cmake'
[4.230s] Level 1:colcon.colcon_core.package_identification:_identify(src) by extension 'python'
[4.230s] Level 1:colcon.colcon_core.package_identification:_identify(src) by extensions ['python_setup_py']
[4.230s] Level 1:colcon.colcon_core.package_identification:_identify(src) by extension 'python_setup_py'
[4.230s] Level 1:colcon.colcon_core.package_identification:_identify(src/build) by extensions ['ignore', 'ignore_ament_install']
[4.231s] Level 1:colcon.colcon_core.package_identification:_identify(src/build) by extension 'ignore'
[4.231s] Level 1:colcon.colcon_core.package_identification:_identify(src/build) ignored
[4.231s] Level 1:colcon.colcon_core.package_identification:_identify(src/install) by extensions ['ignore', 'ignore_ament_install']
[4.231s] Level 1:colcon.colcon_core.package_identification:_identify(src/install) by extension 'ignore'
[4.232s] Level 1:colcon.colcon_core.package_identification:_identify(src/install) ignored
[4.237s] Level 1:colcon.colcon_core.package_identification:_identify(src/log) by extensions ['ignore', 'ignore_ament_install']
[4.237s] Level 1:colcon.colcon_core.package_identification:_identify(src/log) by extension 'ignore'
[4.237s] Level 1:colcon.colcon_core.package_identification:_identify(src/log) ignored
[4.241s] Level 1:colcon.colcon_core.package_identification:_identify(src/pb-j_control) by extensions ['ignore', 'ignore_ament_install']
[4.241s] Level 1:colcon.colcon_core.package_identification:_identify(src/pb-j_control) by extension 'ignore'
[4.241s] Level 1:colcon.colcon_core.package_identification:_identify(src/pb-j_control) by extension 'ignore_ament_install'
[4.241s] Level 1:colcon.colcon_core.package_identification:_identify(src/pb-j_control) by extensions ['colcon_pkg']
[4.242s] Level 1:colcon.colcon_core.package_identification:_identify(src/pb-j_control) by extension 'colcon_pkg'
[4.242s] Level 1:colcon.colcon_core.package_identification:_identify(src/pb-j_control) by extensions ['colcon_meta']
[4.242s] Level 1:colcon.colcon_core.package_identification:_identify(src/pb-j_control) by extension 'colcon_meta'
[4.242s] Level 1:colcon.colcon_core.package_identification:_identify(src/pb-j_control) by extensions ['ros']
[4.242s] Level 1:colcon.colcon_core.package_identification:_identify(src/pb-j_control) by extension 'ros'
[4.268s] DEBUG:colcon.colcon_core.package_identification:Package 'src/pb-j_control' with type 'ros.ament_python' and name 'puzzlebot_control'
[4.270s] Level 1:colcon.colcon_core.package_identification:_identify(src/puzzlebot_control) by extensions ['ignore', 'ignore_ament_install']
[4.277s] Level 1:colcon.colcon_core.package_identification:_identify(src/puzzlebot_control) by extension 'ignore'
[4.277s] Level 1:colcon.colcon_core.package_identification:_identify(src/puzzlebot_control) by extension 'ignore_ament_install'
[4.277s] Level 1:colcon.colcon_core.package_identification:_identify(src/puzzlebot_control) by extensions ['colcon_pkg']
[4.283s] Level 1:colcon.colcon_core.package_identification:_identify(src/puzzlebot_control) by extension 'colcon_pkg'
[4.284s] Level 1:colcon.colcon_core.package_identification:_identify(src/puzzlebot_control) by extensions ['colcon_meta']
[4.285s] Level 1:colcon.colcon_core.package_identification:_identify(src/puzzlebot_control) by extension 'colcon_meta'
[4.285s] Level 1:colcon.colcon_core.package_identification:_identify(src/puzzlebot_control) by extensions ['ros']
[4.285s] Level 1:colcon.colcon_core.package_identification:_identify(src/puzzlebot_control) by extension 'ros'
[4.286s] Level 1:colcon.colcon_core.package_identification:_identify(src/puzzlebot_control) by extensions ['cmake', 'python']
[4.286s] Level 1:colcon.colcon_core.package_identification:_identify(src/puzzlebot_control) by extension 'cmake'
[4.286s] Level 1:colcon.colcon_core.package_identification:_identify(src/puzzlebot_control) by extension 'python'
[4.287s] Level 1:colcon.colcon_core.package_identification:_identify(src/puzzlebot_control) by extensions ['python_setup_py']
[4.287s] Level 1:colcon.colcon_core.package_identification:_identify(src/puzzlebot_control) by extension 'python_setup_py'
[4.287s] Level 1:colcon.colcon_core.package_identification:_identify(src/puzzlebot_control/build) by extensions ['ignore', 'ignore_ament_install']
[4.287s] Level 1:colcon.colcon_core.package_identification:_identify(src/puzzlebot_control/build) by extension 'ignore'
[4.287s] Level 1:colcon.colcon_core.package_identification:_identify(src/puzzlebot_control/build) ignored
[4.291s] Level 1:colcon.colcon_core.package_identification:_identify(src/puzzlebot_control/install) by extensions ['ignore', 'ignore_ament_install']
[4.292s] Level 1:colcon.colcon_core.package_identification:_identify(src/puzzlebot_control/install) by extension 'ignore'
[4.292s] Level 1:colcon.colcon_core.package_identification:_identify(src/puzzlebot_control/install) ignored
[4.292s] Level 1:colcon.colcon_core.package_identification:_identify(src/puzzlebot_control/log) by extensions ['ignore', 'ignore_ament_install']
[4.303s] Level 1:colcon.colcon_core.package_identification:_identify(src/puzzlebot_control/log) by extension 'ignore'
[4.303s] Level 1:colcon.colcon_core.package_identification:_identify(src/puzzlebot_control/log) ignored
[4.303s] Level 1:colcon.colcon_core.package_discovery:discover_packages(recursive) using defaults
[4.303s] Level 1:colcon.colcon_core.package_discovery:discover_packages(ignore) discover
[4.303s] Level 1:colcon.colcon_core.package_discovery:discover_packages(ignore) using defaults
[4.304s] Level 1:colcon.colcon_core.package_discovery:discover_packages(path) discover
[4.304s] Level 1:colcon.colcon_core.package_discovery:discover_packages(path) using defaults
[4.557s] Level 1:colcon.colcon_core.package_discovery:discover_packages(prefix_path) check parameters
[4.558s] Level 1:colcon.colcon_core.package_discovery:discover_packages(prefix_path) discover
[4.592s] DEBUG:colcon.colcon_installed_package_information.package_discovery:Found 3 installed packages in /home/dalw/uros_ws/install
[4.606s] DEBUG:colcon.colcon_installed_package_information.package_discovery:Found 16 installed packages in /home/dalw/dev_ws/install
[4.622s] DEBUG:colcon.colcon_installed_package_information.package_discovery:Found 381 installed packages in /opt/ros/humble
[4.629s] Level 1:colcon.colcon_core.package_discovery:discover_packages(prefix_path) using defaults
[5.165s] Level 5:colcon.colcon_core.verb:set package 'puzzlebot_control' build argument 'cmake_args' from command line to 'None'
[5.165s] Level 5:colcon.colcon_core.verb:set package 'puzzlebot_control' build argument 'cmake_target' from command line to 'None'
[5.165s] Level 5:colcon.colcon_core.verb:set package 'puzzlebot_control' build argument 'cmake_target_skip_unavailable' from command line to 'False'
[5.165s] Level 5:colcon.colcon_core.verb:set package 'puzzlebot_control' build argument 'cmake_clean_cache' from command line to 'False'
[5.165s] Level 5:colcon.colcon_core.verb:set package 'puzzlebot_control' build argument 'cmake_clean_first' from command line to 'False'
[5.165s] Level 5:colcon.colcon_core.verb:set package 'puzzlebot_control' build argument 'cmake_force_configure' from command line to 'False'
[5.166s] Level 5:colcon.colcon_core.verb:set package 'puzzlebot_control' build argument 'ament_cmake_args' from command line to 'None'
[5.166s] Level 5:colcon.colcon_core.verb:set package 'puzzlebot_control' build argument 'catkin_cmake_args' from command line to 'None'
[5.166s] Level 5:colcon.colcon_core.verb:set package 'puzzlebot_control' build argument 'catkin_skip_building_tests' from command line to 'False'
[5.166s] DEBUG:colcon.colcon_core.verb:Building package 'puzzlebot_control' with the following arguments: {'ament_cmake_args': None, 'build_base': '/home/dalw/pb_ws/build/puzzlebot_control', 'catkin_cmake_args': None, 'catkin_skip_building_tests': False, 'cmake_args': None, 'cmake_clean_cache': False, 'cmake_clean_first': False, 'cmake_force_configure': False, 'cmake_target': None, 'cmake_target_skip_unavailable': False, 'install_base': '/home/dalw/pb_ws/install/puzzlebot_control', 'merge_install': False, 'path': '/home/dalw/pb_ws/src/pb-j_control', 'symlink_install': False, 'test_result_base': None}
[5.166s] INFO:colcon.colcon_core.executor:Executing jobs using 'parallel' executor
[5.188s] DEBUG:colcon.colcon_parallel_executor.executor.parallel:run_until_complete
[5.189s] INFO:colcon.colcon_ros.task.ament_python.build:Building ROS package in '/home/dalw/pb_ws/src/pb-j_control' with build type 'ament_python'
[5.190s] Level 1:colcon.colcon_core.shell:create_environment_hook('puzzlebot_control', 'ament_prefix_path')
[5.215s] INFO:colcon.colcon_core.plugin_system:Skipping extension 'colcon_core.shell.bat': Not used on non-Windows systems
[5.215s] INFO:colcon.colcon_core.shell:Creating environment hook '/home/dalw/pb_ws/install/puzzlebot_control/share/puzzlebot_control/hook/ament_prefix_path.ps1'
[5.217s] INFO:colcon.colcon_core.shell:Creating environment descriptor '/home/dalw/pb_ws/install/puzzlebot_control/share/puzzlebot_control/hook/ament_prefix_path.dsv'
[5.224s] INFO:colcon.colcon_core.shell:Creating environment hook '/home/dalw/pb_ws/install/puzzlebot_control/share/puzzlebot_control/hook/ament_prefix_path.sh'
[5.238s] INFO:colcon.colcon_core.shell:Skip shell extension 'powershell' for command environment: Not usable outside of PowerShell
[5.239s] DEBUG:colcon.colcon_core.shell:Skip shell extension 'dsv' for command environment
[8.254s] INFO:colcon.colcon_core.task.python.build:Building Python package in '/home/dalw/pb_ws/src/pb-j_control'
[8.254s] INFO:colcon.colcon_core.shell:Skip shell extension 'powershell' for command environment: Not usable outside of PowerShell
[8.254s] DEBUG:colcon.colcon_core.shell:Skip shell extension 'dsv' for command environment
[12.927s] DEBUG:colcon.colcon_core.event_handler.log_command:Invoking command in '/home/dalw/pb_ws/src/pb-j_control': PYTHONPATH=/home/dalw/pb_ws/build/puzzlebot_control/prefix_override:/usr/lib/python3/dist-packages/colcon_core/task/python/colcon_distutils_commands:/home/dalw/pb_ws/install/puzzlebot_control/lib/python3.10/site-packages:${PYTHONPATH} /usr/bin/python3 -W ignore:setup.py install is deprecated -W ignore:easy_install command is deprecated setup.py egg_info --egg-base ../../build/puzzlebot_control build --build-base /home/dalw/pb_ws/build/puzzlebot_control/build install --record /home/dalw/pb_ws/build/puzzlebot_control/install.log --single-version-externally-managed install_data
[18.050s] DEBUG:colcon.colcon_core.event_handler.log_command:Invoked command in '/home/dalw/pb_ws/src/pb-j_control' returned '0': PYTHONPATH=/home/dalw/pb_ws/build/puzzlebot_control/prefix_override:/usr/lib/python3/dist-packages/colcon_core/task/python/colcon_distutils_commands:/home/dalw/pb_ws/install/puzzlebot_control/lib/python3.10/site-packages:${PYTHONPATH} /usr/bin/python3 -W ignore:setup.py install is deprecated -W ignore:easy_install command is deprecated setup.py egg_info --egg-base ../../build/puzzlebot_control build --build-base /home/dalw/pb_ws/build/puzzlebot_control/build install --record /home/dalw/pb_ws/build/puzzlebot_control/install.log --single-version-externally-managed install_data
[18.082s] Level 1:colcon.colcon_core.environment:checking '/home/dalw/pb_ws/install/puzzlebot_control' for CMake module files
[18.099s] Level 1:colcon.colcon_core.environment:checking '/home/dalw/pb_ws/install/puzzlebot_control' for CMake config files
[18.117s] Level 1:colcon.colcon_core.environment:checking '/home/dalw/pb_ws/install/puzzlebot_control/lib'
[18.117s] Level 1:colcon.colcon_core.environment:checking '/home/dalw/pb_ws/install/puzzlebot_control/bin'
[18.118s] Level 1:colcon.colcon_core.environment:checking '/home/dalw/pb_ws/install/puzzlebot_control/lib/pkgconfig/puzzlebot_control.pc'
[18.118s] Level 1:colcon.colcon_core.environment:checking '/home/dalw/pb_ws/install/puzzlebot_control/lib/python3.10/site-packages'
[18.118s] Level 1:colcon.colcon_core.shell:create_environment_hook('puzzlebot_control', 'pythonpath')
[18.119s] INFO:colcon.colcon_core.shell:Creating environment hook '/home/dalw/pb_ws/install/puzzlebot_control/share/puzzlebot_control/hook/pythonpath.ps1'
[18.120s] INFO:colcon.colcon_core.shell:Creating environment descriptor '/home/dalw/pb_ws/install/puzzlebot_control/share/puzzlebot_control/hook/pythonpath.dsv'
[18.135s] INFO:colcon.colcon_core.shell:Creating environment hook '/home/dalw/pb_ws/install/puzzlebot_control/share/puzzlebot_control/hook/pythonpath.sh'
[18.141s] Level 1:colcon.colcon_core.environment:checking '/home/dalw/pb_ws/install/puzzlebot_control/bin'
[18.141s] Level 1:colcon.colcon_core.environment:create_environment_scripts_only(puzzlebot_control)
[18.142s] INFO:colcon.colcon_core.shell:Creating package script '/home/dalw/pb_ws/install/puzzlebot_control/share/puzzlebot_control/package.ps1'
[18.157s] INFO:colcon.colcon_core.shell:Creating package descriptor '/home/dalw/pb_ws/install/puzzlebot_control/share/puzzlebot_control/package.dsv'
[18.170s] INFO:colcon.colcon_core.shell:Creating package script '/home/dalw/pb_ws/install/puzzlebot_control/share/puzzlebot_control/package.sh'
[18.187s] INFO:colcon.colcon_core.shell:Creating package script '/home/dalw/pb_ws/install/puzzlebot_control/share/puzzlebot_control/package.bash'
[18.189s] INFO:colcon.colcon_core.shell:Creating package script '/home/dalw/pb_ws/install/puzzlebot_control/share/puzzlebot_control/package.zsh'
[18.203s] Level 1:colcon.colcon_core.environment:create_file_with_runtime_dependencies(/home/dalw/pb_ws/install/puzzlebot_control/share/colcon-core/packages/puzzlebot_control)
[18.204s] DEBUG:colcon.colcon_parallel_executor.executor.parallel:closing loop
[18.211s] DEBUG:colcon.colcon_parallel_executor.executor.parallel:loop closed
[18.211s] DEBUG:colcon.colcon_parallel_executor.executor.parallel:run_until_complete finished with '0'
[18.227s] DEBUG:colcon.colcon_core.event_reactor:joining thread
[18.828s] INFO:colcon.colcon_core.plugin_system:Skipping extension 'colcon_notification.desktop_notification.notify_send': Could not find 'notify-send'
[18.828s] INFO:colcon.colcon_core.plugin_system:Skipping extension 'colcon_notification.desktop_notification.terminal_notifier': Not used on non-Darwin systems
[18.829s] INFO:colcon.colcon_core.plugin_system:Skipping extension 'colcon_notification.desktop_notification.win32': Not used on non-Windows systems
[18.829s] INFO:colcon.colcon_notification.desktop_notification:Sending desktop notification using 'notify2'
[18.832s] DEBUG:colcon.colcon_notification.desktop_notification.notify2:Failed to initialize notify2: org.freedesktop.DBus.Error.ServiceUnknown: The name org.freedesktop.Notifications was not provided by any .service files
[18.862s] DEBUG:colcon.colcon_core.event_reactor:joined thread
[18.863s] INFO:colcon.colcon_core.shell:Creating prefix script '/home/dalw/pb_ws/install/local_setup.ps1'
[18.880s] INFO:colcon.colcon_core.shell:Creating prefix util module '/home/dalw/pb_ws/install/_local_setup_util_ps1.py'
[18.906s] INFO:colcon.colcon_core.shell:Creating prefix chain script '/home/dalw/pb_ws/install/setup.ps1'
[18.925s] INFO:colcon.colcon_core.shell:Creating prefix script '/home/dalw/pb_ws/install/local_setup.sh'
[18.940s] INFO:colcon.colcon_core.shell:Creating prefix util module '/home/dalw/pb_ws/install/_local_setup_util_sh.py'
[18.944s] INFO:colcon.colcon_core.shell:Creating prefix chain script '/home/dalw/pb_ws/install/setup.sh'
[18.958s] INFO:colcon.colcon_core.shell:Creating prefix script '/home/dalw/pb_ws/install/local_setup.bash'
[18.960s] INFO:colcon.colcon_core.shell:Creating prefix chain script '/home/dalw/pb_ws/install/setup.bash'
[18.980s] INFO:colcon.colcon_core.shell:Creating prefix script '/home/dalw/pb_ws/install/local_setup.zsh'
[18.987s] INFO:colcon.colcon_core.shell:Creating prefix chain script '/home/dalw/pb_ws/install/setup.zsh'
