[0.884s] Invoking command in '/home/dalw/pb_ws/src/pb-j_control': PYTHONPATH=/home/dalw/pb_ws/build/puzzlebot_control/prefix_override:/usr/lib/python3/dist-packages/colcon_core/task/python/colcon_distutils_commands:/home/dalw/pb_ws/install/puzzlebot_control/lib/python3.10/site-packages:${PYTHONPATH} /usr/bin/python3 -W ignore:setup.py install is deprecated -W ignore:easy_install command is deprecated setup.py egg_info --egg-base ../../build/puzzlebot_control build --build-base /home/dalw/pb_ws/build/puzzlebot_control/build install --record /home/dalw/pb_ws/build/puzzlebot_control/install.log --single-version-externally-managed install_data
[1.195s] running egg_info
[1.196s] writing ../../build/puzzlebot_control/puzzlebot_control.egg-info/PKG-INFO
[1.198s] writing dependency_links to ../../build/puzzlebot_control/puzzlebot_control.egg-info/dependency_links.txt
[1.198s] writing entry points to ../../build/puzzlebot_control/puzzlebot_control.egg-info/entry_points.txt
[1.198s] writing requirements to ../../build/puzzlebot_control/puzzlebot_control.egg-info/requires.txt
[1.198s] writing top-level names to ../../build/puzzlebot_control/puzzlebot_control.egg-info/top_level.txt
[1.201s] reading manifest file '../../build/puzzlebot_control/puzzlebot_control.egg-info/SOURCES.txt'
[1.204s] writing manifest file '../../build/puzzlebot_control/puzzlebot_control.egg-info/SOURCES.txt'
[1.205s] running build
[1.205s] running build_py
[1.207s] running install
[1.208s] running install_lib
[1.211s] running install_data
[1.212s] running install_egg_info
[1.214s] removing '/home/dalw/pb_ws/install/puzzlebot_control/lib/python3.10/site-packages/puzzlebot_control-1.0.0-py3.10.egg-info' (and everything under it)
[1.214s] Copying ../../build/puzzlebot_control/puzzlebot_control.egg-info to /home/dalw/pb_ws/install/puzzlebot_control/lib/python3.10/site-packages/puzzlebot_control-1.0.0-py3.10.egg-info
[1.215s] running install_scripts
[1.237s] Installing ctc_controller script to /home/dalw/pb_ws/install/puzzlebot_control/lib/puzzlebot_control
[1.237s] Installing dashboard script to /home/dalw/pb_ws/install/puzzlebot_control/lib/puzzlebot_control
[1.238s] Installing ismc_controller script to /home/dalw/pb_ws/install/puzzlebot_control/lib/puzzlebot_control
[1.238s] Installing lyapunov_benchmark script to /home/dalw/pb_ws/install/puzzlebot_control/lib/puzzlebot_control
[1.239s] Installing ph_controller script to /home/dalw/pb_ws/install/puzzlebot_control/lib/puzzlebot_control
[1.239s] Installing pid_controller script to /home/dalw/pb_ws/install/puzzlebot_control/lib/puzzlebot_control
[1.239s] Installing puzzlebot_sim script to /home/dalw/pb_ws/install/puzzlebot_control/lib/puzzlebot_control
[1.239s] Installing smc_controller script to /home/dalw/pb_ws/install/puzzlebot_control/lib/puzzlebot_control
[1.240s] Installing teleop_keyboard script to /home/dalw/pb_ws/install/puzzlebot_control/lib/puzzlebot_control
[1.240s] Installing terrain_perturb script to /home/dalw/pb_ws/install/puzzlebot_control/lib/puzzlebot_control
[1.240s] writing list of installed files to '/home/dalw/pb_ws/build/puzzlebot_control/install.log'
[1.278s] Invoked command in '/home/dalw/pb_ws/src/pb-j_control' returned '0': PYTHONPATH=/home/dalw/pb_ws/build/puzzlebot_control/prefix_override:/usr/lib/python3/dist-packages/colcon_core/task/python/colcon_distutils_commands:/home/dalw/pb_ws/install/puzzlebot_control/lib/python3.10/site-packages:${PYTHONPATH} /usr/bin/python3 -W ignore:setup.py install is deprecated -W ignore:easy_install command is deprecated setup.py egg_info --egg-base ../../build/puzzlebot_control build --build-base /home/dalw/pb_ws/build/puzzlebot_control/build install --record /home/dalw/pb_ws/build/puzzlebot_control/install.log --single-version-externally-managed install_data
