[1.517s] Invoking command in '/home/dalw/pb_ws/src/pb-j_control': PYTHONPATH=/home/dalw/pb_ws/src/build/puzzlebot_control/prefix_override:/usr/lib/python3/dist-packages/colcon_core/task/python/colcon_distutils_commands:/home/dalw/pb_ws/src/install/puzzlebot_control/lib/python3.10/site-packages:${PYTHONPATH} /usr/bin/python3 -W ignore:setup.py install is deprecated -W ignore:easy_install command is deprecated setup.py egg_info --egg-base ../build/puzzlebot_control build --build-base /home/dalw/pb_ws/src/build/puzzlebot_control/build install --record /home/dalw/pb_ws/src/build/puzzlebot_control/install.log --single-version-externally-managed install_data
[2.059s] running egg_info
[2.060s] creating ../build/puzzlebot_control/puzzlebot_control.egg-info
[2.061s] writing ../build/puzzlebot_control/puzzlebot_control.egg-info/PKG-INFO
[2.061s] writing dependency_links to ../build/puzzlebot_control/puzzlebot_control.egg-info/dependency_links.txt
[2.062s] writing entry points to ../build/puzzlebot_control/puzzlebot_control.egg-info/entry_points.txt
[2.062s] writing requirements to ../build/puzzlebot_control/puzzlebot_control.egg-info/requires.txt
[2.063s] writing top-level names to ../build/puzzlebot_control/puzzlebot_control.egg-info/top_level.txt
[2.063s] writing manifest file '../build/puzzlebot_control/puzzlebot_control.egg-info/SOURCES.txt'
[2.067s] reading manifest file '../build/puzzlebot_control/puzzlebot_control.egg-info/SOURCES.txt'
[2.069s] writing manifest file '../build/puzzlebot_control/puzzlebot_control.egg-info/SOURCES.txt'
[2.070s] running build
[2.070s] running build_py
[2.071s] creating /home/dalw/pb_ws/src/build/puzzlebot_control/build
[2.071s] creating /home/dalw/pb_ws/src/build/puzzlebot_control/build/lib
[2.072s] creating /home/dalw/pb_ws/src/build/puzzlebot_control/build/lib/puzzlebot_control
[2.073s] copying puzzlebot_control/pid_controller.py -> /home/dalw/pb_ws/src/build/puzzlebot_control/build/lib/puzzlebot_control
[2.074s] copying puzzlebot_control/base_controller.py -> /home/dalw/pb_ws/src/build/puzzlebot_control/build/lib/puzzlebot_control
[2.074s] copying puzzlebot_control/lyapunov_benchmark.py -> /home/dalw/pb_ws/src/build/puzzlebot_control/build/lib/puzzlebot_control
[2.075s] copying puzzlebot_control/puzzlebot_sim.py -> /home/dalw/pb_ws/src/build/puzzlebot_control/build/lib/puzzlebot_control
[2.076s] copying puzzlebot_control/terrain_perturbation.py -> /home/dalw/pb_ws/src/build/puzzlebot_control/build/lib/puzzlebot_control
[2.077s] copying puzzlebot_control/ph_controller.py -> /home/dalw/pb_ws/src/build/puzzlebot_control/build/lib/puzzlebot_control
[2.077s] copying puzzlebot_control/ismc_controller.py -> /home/dalw/pb_ws/src/build/puzzlebot_control/build/lib/puzzlebot_control
[2.078s] copying puzzlebot_control/teleop_keyboard.py -> /home/dalw/pb_ws/src/build/puzzlebot_control/build/lib/puzzlebot_control
[2.078s] copying puzzlebot_control/dashboard.py -> /home/dalw/pb_ws/src/build/puzzlebot_control/build/lib/puzzlebot_control
[2.079s] copying puzzlebot_control/ctc_controller.py -> /home/dalw/pb_ws/src/build/puzzlebot_control/build/lib/puzzlebot_control
[2.080s] copying puzzlebot_control/smc_controller.py -> /home/dalw/pb_ws/src/build/puzzlebot_control/build/lib/puzzlebot_control
[2.080s] copying puzzlebot_control/__init__.py -> /home/dalw/pb_ws/src/build/puzzlebot_control/build/lib/puzzlebot_control
[2.081s] running install
[2.082s] running install_lib
[2.083s] creating /home/dalw/pb_ws/src/install/puzzlebot_control/lib/python3.10/site-packages/puzzlebot_control
[2.084s] copying /home/dalw/pb_ws/src/build/puzzlebot_control/build/lib/puzzlebot_control/pid_controller.py -> /home/dalw/pb_ws/src/install/puzzlebot_control/lib/python3.10/site-packages/puzzlebot_control
[2.085s] copying /home/dalw/pb_ws/src/build/puzzlebot_control/build/lib/puzzlebot_control/base_controller.py -> /home/dalw/pb_ws/src/install/puzzlebot_control/lib/python3.10/site-packages/puzzlebot_control
[2.085s] copying /home/dalw/pb_ws/src/build/puzzlebot_control/build/lib/puzzlebot_control/lyapunov_benchmark.py -> /home/dalw/pb_ws/src/install/puzzlebot_control/lib/python3.10/site-packages/puzzlebot_control
[2.086s] copying /home/dalw/pb_ws/src/build/puzzlebot_control/build/lib/puzzlebot_control/puzzlebot_sim.py -> /home/dalw/pb_ws/src/install/puzzlebot_control/lib/python3.10/site-packages/puzzlebot_control
[2.086s] copying /home/dalw/pb_ws/src/build/puzzlebot_control/build/lib/puzzlebot_control/terrain_perturbation.py -> /home/dalw/pb_ws/src/install/puzzlebot_control/lib/python3.10/site-packages/puzzlebot_control
[2.087s] copying /home/dalw/pb_ws/src/build/puzzlebot_control/build/lib/puzzlebot_control/ph_controller.py -> /home/dalw/pb_ws/src/install/puzzlebot_control/lib/python3.10/site-packages/puzzlebot_control
[2.087s] copying /home/dalw/pb_ws/src/build/puzzlebot_control/build/lib/puzzlebot_control/ismc_controller.py -> /home/dalw/pb_ws/src/install/puzzlebot_control/lib/python3.10/site-packages/puzzlebot_control
[2.088s] copying /home/dalw/pb_ws/src/build/puzzlebot_control/build/lib/puzzlebot_control/teleop_keyboard.py -> /home/dalw/pb_ws/src/install/puzzlebot_control/lib/python3.10/site-packages/puzzlebot_control
[2.088s] copying /home/dalw/pb_ws/src/build/puzzlebot_control/build/lib/puzzlebot_control/dashboard.py -> /home/dalw/pb_ws/src/install/puzzlebot_control/lib/python3.10/site-packages/puzzlebot_control
[2.088s] copying /home/dalw/pb_ws/src/build/puzzlebot_control/build/lib/puzzlebot_control/ctc_controller.py -> /home/dalw/pb_ws/src/install/puzzlebot_control/lib/python3.10/site-packages/puzzlebot_control
[2.089s] copying /home/dalw/pb_ws/src/build/puzzlebot_control/build/lib/puzzlebot_control/smc_controller.py -> /home/dalw/pb_ws/src/install/puzzlebot_control/lib/python3.10/site-packages/puzzlebot_control
[2.089s] copying /home/dalw/pb_ws/src/build/puzzlebot_control/build/lib/puzzlebot_control/__init__.py -> /home/dalw/pb_ws/src/install/puzzlebot_control/lib/python3.10/site-packages/puzzlebot_control
[2.091s] byte-compiling /home/dalw/pb_ws/src/install/puzzlebot_control/lib/python3.10/site-packages/puzzlebot_control/pid_controller.py to pid_controller.cpython-310.pyc
[2.093s] byte-compiling /home/dalw/pb_ws/src/install/puzzlebot_control/lib/python3.10/site-packages/puzzlebot_control/base_controller.py to base_controller.cpython-310.pyc
[2.097s] byte-compiling /home/dalw/pb_ws/src/install/puzzlebot_control/lib/python3.10/site-packages/puzzlebot_control/lyapunov_benchmark.py to lyapunov_benchmark.cpython-310.pyc
[2.103s] byte-compiling /home/dalw/pb_ws/src/install/puzzlebot_control/lib/python3.10/site-packages/puzzlebot_control/puzzlebot_sim.py to puzzlebot_sim.cpython-310.pyc
[2.106s] byte-compiling /home/dalw/pb_ws/src/install/puzzlebot_control/lib/python3.10/site-packages/puzzlebot_control/terrain_perturbation.py to terrain_perturbation.cpython-310.pyc
[2.108s] byte-compiling /home/dalw/pb_ws/src/install/puzzlebot_control/lib/python3.10/site-packages/puzzlebot_control/ph_controller.py to ph_controller.cpython-310.pyc
[2.111s] byte-compiling /home/dalw/pb_ws/src/install/puzzlebot_control/lib/python3.10/site-packages/puzzlebot_control/ismc_controller.py to ismc_controller.cpython-310.pyc
[2.114s] byte-compiling /home/dalw/pb_ws/src/install/puzzlebot_control/lib/python3.10/site-packages/puzzlebot_control/teleop_keyboard.py to teleop_keyboard.cpython-310.pyc
[2.117s] byte-compiling /home/dalw/pb_ws/src/install/puzzlebot_control/lib/python3.10/site-packages/puzzlebot_control/dashboard.py to dashboard.cpython-310.pyc
[2.120s] byte-compiling /home/dalw/pb_ws/src/install/puzzlebot_control/lib/python3.10/site-packages/puzzlebot_control/ctc_controller.py to ctc_controller.cpython-310.pyc
[2.121s] byte-compiling /home/dalw/pb_ws/src/install/puzzlebot_control/lib/python3.10/site-packages/puzzlebot_control/smc_controller.py to smc_controller.cpython-310.pyc
[2.123s] byte-compiling /home/dalw/pb_ws/src/install/puzzlebot_control/lib/python3.10/site-packages/puzzlebot_control/__init__.py to __init__.cpython-310.pyc
[2.123s] running install_data
[2.124s] creating /home/dalw/pb_ws/src/install/puzzlebot_control/share/ament_index
[2.124s] creating /home/dalw/pb_ws/src/install/puzzlebot_control/share/ament_index/resource_index
[2.125s] creating /home/dalw/pb_ws/src/install/puzzlebot_control/share/ament_index/resource_index/packages
[2.126s] copying resource/puzzlebot_control -> /home/dalw/pb_ws/src/install/puzzlebot_control/share/ament_index/resource_index/packages
[2.127s] copying package.xml -> /home/dalw/pb_ws/src/install/puzzlebot_control/share/puzzlebot_control
[2.127s] creating /home/dalw/pb_ws/src/install/puzzlebot_control/share/puzzlebot_control/launch
[2.128s] copying launch/sim.launch.py -> /home/dalw/pb_ws/src/install/puzzlebot_control/share/puzzlebot_control/launch
[2.130s] copying launch/gazebo.launch.py -> /home/dalw/pb_ws/src/install/puzzlebot_control/share/puzzlebot_control/launch
[2.131s] copying launch/benchmark.launch.py -> /home/dalw/pb_ws/src/install/puzzlebot_control/share/puzzlebot_control/launch
[2.131s] copying launch/gazebo_benchmark.launch.py -> /home/dalw/pb_ws/src/install/puzzlebot_control/share/puzzlebot_control/launch
[2.132s] creating /home/dalw/pb_ws/src/install/puzzlebot_control/share/puzzlebot_control/config
[2.133s] copying config/params.yaml -> /home/dalw/pb_ws/src/install/puzzlebot_control/share/puzzlebot_control/config
[2.133s] creating /home/dalw/pb_ws/src/install/puzzlebot_control/share/puzzlebot_control/urdf
[2.134s] copying urdf/puzzlebot.urdf -> /home/dalw/pb_ws/src/install/puzzlebot_control/share/puzzlebot_control/urdf
[2.135s] copying urdf/puzzlebot_gazebo.urdf.xacro -> /home/dalw/pb_ws/src/install/puzzlebot_control/share/puzzlebot_control/urdf
[2.135s] creating /home/dalw/pb_ws/src/install/puzzlebot_control/share/puzzlebot_control/models
[2.136s] creating /home/dalw/pb_ws/src/install/puzzlebot_control/share/puzzlebot_control/worlds
[2.137s] copying worlds/terrain.world -> /home/dalw/pb_ws/src/install/puzzlebot_control/share/puzzlebot_control/worlds
[2.138s] copying worlds/empty.world -> /home/dalw/pb_ws/src/install/puzzlebot_control/share/puzzlebot_control/worlds
[2.138s] creating /home/dalw/pb_ws/src/install/puzzlebot_control/share/puzzlebot_control/rviz
[2.139s] copying rviz/gazebo.rviz -> /home/dalw/pb_ws/src/install/puzzlebot_control/share/puzzlebot_control/rviz
[2.139s] running install_egg_info
[2.143s] Copying ../build/puzzlebot_control/puzzlebot_control.egg-info to /home/dalw/pb_ws/src/install/puzzlebot_control/lib/python3.10/site-packages/puzzlebot_control-1.0.0-py3.10.egg-info
[2.145s] running install_scripts
[2.189s] Installing ctc_controller script to /home/dalw/pb_ws/src/install/puzzlebot_control/lib/puzzlebot_control
[2.190s] Installing dashboard script to /home/dalw/pb_ws/src/install/puzzlebot_control/lib/puzzlebot_control
[2.191s] Installing ismc_controller script to /home/dalw/pb_ws/src/install/puzzlebot_control/lib/puzzlebot_control
[2.191s] Installing lyapunov_benchmark script to /home/dalw/pb_ws/src/install/puzzlebot_control/lib/puzzlebot_control
[2.191s] Installing ph_controller script to /home/dalw/pb_ws/src/install/puzzlebot_control/lib/puzzlebot_control
[2.192s] Installing pid_controller script to /home/dalw/pb_ws/src/install/puzzlebot_control/lib/puzzlebot_control
[2.192s] Installing puzzlebot_sim script to /home/dalw/pb_ws/src/install/puzzlebot_control/lib/puzzlebot_control
[2.193s] Installing smc_controller script to /home/dalw/pb_ws/src/install/puzzlebot_control/lib/puzzlebot_control
[2.193s] Installing teleop_keyboard script to /home/dalw/pb_ws/src/install/puzzlebot_control/lib/puzzlebot_control
[2.193s] Installing terrain_perturb script to /home/dalw/pb_ws/src/install/puzzlebot_control/lib/puzzlebot_control
[2.193s] writing list of installed files to '/home/dalw/pb_ws/src/build/puzzlebot_control/install.log'
[2.265s] Invoked command in '/home/dalw/pb_ws/src/pb-j_control' returned '0': PYTHONPATH=/home/dalw/pb_ws/src/build/puzzlebot_control/prefix_override:/usr/lib/python3/dist-packages/colcon_core/task/python/colcon_distutils_commands:/home/dalw/pb_ws/src/install/puzzlebot_control/lib/python3.10/site-packages:${PYTHONPATH} /usr/bin/python3 -W ignore:setup.py install is deprecated -W ignore:easy_install command is deprecated setup.py egg_info --egg-base ../build/puzzlebot_control build --build-base /home/dalw/pb_ws/src/build/puzzlebot_control/build install --record /home/dalw/pb_ws/src/build/puzzlebot_control/install.log --single-version-externally-managed install_data
