/home/dalw/pb_ws/src/install/puzzlebot_control/lib/python3.10/site-packages/puzzlebot_control/pid_controller.py
/home/dalw/pb_ws/src/install/puzzlebot_control/lib/python3.10/site-packages/puzzlebot_control/base_controller.py
/home/dalw/pb_ws/src/install/puzzlebot_control/lib/python3.10/site-packages/puzzlebot_control/lyapunov_benchmark.py
/home/dalw/pb_ws/src/install/puzzlebot_control/lib/python3.10/site-packages/puzzlebot_control/puzzlebot_sim.py
/home/dalw/pb_ws/src/install/puzzlebot_control/lib/python3.10/site-packages/puzzlebot_control/terrain_perturbation.py
/home/dalw/pb_ws/src/install/puzzlebot_control/lib/python3.10/site-packages/puzzlebot_control/ph_controller.py
/home/dalw/pb_ws/src/install/puzzlebot_control/lib/python3.10/site-packages/puzzlebot_control/ismc_controller.py
/home/dalw/pb_ws/src/install/puzzlebot_control/lib/python3.10/site-packages/puzzlebot_control/teleop_keyboard.py
/home/dalw/pb_ws/src/install/puzzlebot_control/lib/python3.10/site-packages/puzzlebot_control/dashboard.py
/home/dalw/pb_ws/src/install/puzzlebot_control/lib/python3.10/site-packages/puzzlebot_control/ctc_controller.py
/home/dalw/pb_ws/src/install/puzzlebot_control/lib/python3.10/site-packages/puzzlebot_control/smc_controller.py
/home/dalw/pb_ws/src/install/puzzlebot_control/lib/python3.10/site-packages/puzzlebot_control/__init__.py
/home/dalw/pb_ws/src/install/puzzlebot_control/lib/python3.10/site-packages/puzzlebot_control/__pycache__/pid_controller.cpython-310.pyc
/home/dalw/pb_ws/src/install/puzzlebot_control/lib/python3.10/site-packages/puzzlebot_control/__pycache__/base_controller.cpython-310.pyc
/home/dalw/pb_ws/src/install/puzzlebot_control/lib/python3.10/site-packages/puzzlebot_control/__pycache__/lyapunov_benchmark.cpython-310.pyc
/home/dalw/pb_ws/src/install/puzzlebot_control/lib/python3.10/site-packages/puzzlebot_control/__pycache__/puzzlebot_sim.cpython-310.pyc
/home/dalw/pb_ws/src/install/puzzlebot_control/lib/python3.10/site-packages/puzzlebot_control/__pycache__/terrain_perturbation.cpython-310.pyc
/home/dalw/pb_ws/src/install/puzzlebot_control/lib/python3.10/site-packages/puzzlebot_control/__pycache__/ph_controller.cpython-310.pyc
/home/dalw/pb_ws/src/install/puzzlebot_control/lib/python3.10/site-packages/puzzlebot_control/__pycache__/ismc_controller.cpython-310.pyc
/home/dalw/pb_ws/src/install/puzzlebot_control/lib/python3.10/site-packages/puzzlebot_control/__pycache__/teleop_keyboard.cpython-310.pyc
/home/dalw/pb_ws/src/install/puzzlebot_control/lib/python3.10/site-packages/puzzlebot_control/__pycache__/dashboard.cpython-310.pyc
/home/dalw/pb_ws/src/install/puzzlebot_control/lib/python3.10/site-packages/puzzlebot_control/__pycache__/ctc_controller.cpython-310.pyc
/home/dalw/pb_ws/src/install/puzzlebot_control/lib/python3.10/site-packages/puzzlebot_control/__pycache__/smc_controller.cpython-310.pyc
/home/dalw/pb_ws/src/install/puzzlebot_control/lib/python3.10/site-packages/puzzlebot_control/__pycache__/__init__.cpython-310.pyc
/home/dalw/pb_ws/src/install/puzzlebot_control/share/ament_index/resource_index/packages/puzzlebot_control
/home/dalw/pb_ws/src/install/puzzlebot_control/share/puzzlebot_control/package.xml
/home/dalw/pb_ws/src/install/puzzlebot_control/share/puzzlebot_control/launch/sim.launch.py
/home/dalw/pb_ws/src/install/puzzlebot_control/share/puzzlebot_control/launch/gazebo.launch.py
/home/dalw/pb_ws/src/install/puzzlebot_control/share/puzzlebot_control/launch/benchmark.launch.py
/home/dalw/pb_ws/src/install/puzzlebot_control/share/puzzlebot_control/launch/gazebo_benchmark.launch.py
/home/dalw/pb_ws/src/install/puzzlebot_control/share/puzzlebot_control/config/params.yaml
/home/dalw/pb_ws/src/install/puzzlebot_control/share/puzzlebot_control/urdf/puzzlebot.urdf
/home/dalw/pb_ws/src/install/puzzlebot_control/share/puzzlebot_control/urdf/puzzlebot_gazebo.urdf.xacro
/home/dalw/pb_ws/src/install/puzzlebot_control/share/puzzlebot_control/models
/home/dalw/pb_ws/src/install/puzzlebot_control/share/puzzlebot_control/worlds/terrain.world
/home/dalw/pb_ws/src/install/puzzlebot_control/share/puzzlebot_control/worlds/empty.world
/home/dalw/pb_ws/src/install/puzzlebot_control/share/puzzlebot_control/rviz/gazebo.rviz
/home/dalw/pb_ws/src/install/puzzlebot_control/lib/python3.10/site-packages/puzzlebot_control-1.0.0-py3.10.egg-info/requires.txt
/home/dalw/pb_ws/src/install/puzzlebot_control/lib/python3.10/site-packages/puzzlebot_control-1.0.0-py3.10.egg-info/entry_points.txt
/home/dalw/pb_ws/src/install/puzzlebot_control/lib/python3.10/site-packages/puzzlebot_control-1.0.0-py3.10.egg-info/SOURCES.txt
/home/dalw/pb_ws/src/install/puzzlebot_control/lib/python3.10/site-packages/puzzlebot_control-1.0.0-py3.10.egg-info/dependency_links.txt
/home/dalw/pb_ws/src/install/puzzlebot_control/lib/python3.10/site-packages/puzzlebot_control-1.0.0-py3.10.egg-info/zip-safe
/home/dalw/pb_ws/src/install/puzzlebot_control/lib/python3.10/site-packages/puzzlebot_control-1.0.0-py3.10.egg-info/top_level.txt
/home/dalw/pb_ws/src/install/puzzlebot_control/lib/python3.10/site-packages/puzzlebot_control-1.0.0-py3.10.egg-info/PKG-INFO
/home/dalw/pb_ws/src/install/puzzlebot_control/lib/puzzlebot_control/ctc_controller
/home/dalw/pb_ws/src/install/puzzlebot_control/lib/puzzlebot_control/dashboard
/home/dalw/pb_ws/src/install/puzzlebot_control/lib/puzzlebot_control/ismc_controller
/home/dalw/pb_ws/src/install/puzzlebot_control/lib/puzzlebot_control/lyapunov_benchmark
/home/dalw/pb_ws/src/install/puzzlebot_control/lib/puzzlebot_control/ph_controller
/home/dalw/pb_ws/src/install/puzzlebot_control/lib/puzzlebot_control/pid_controller
/home/dalw/pb_ws/src/install/puzzlebot_control/lib/puzzlebot_control/puzzlebot_sim
/home/dalw/pb_ws/src/install/puzzlebot_control/lib/puzzlebot_control/smc_controller
/home/dalw/pb_ws/src/install/puzzlebot_control/lib/puzzlebot_control/teleop_keyboard
/home/dalw/pb_ws/src/install/puzzlebot_control/lib/puzzlebot_control/terrain_perturb
