[7.727s] Invoking command in '/home/dalw/pb_ws/src/pb-j_control': PYTHONPATH=/home/dalw/pb_ws/build/puzzlebot_control/prefix_override:/usr/lib/python3/dist-packages/colcon_core/task/python/colcon_distutils_commands:/home/dalw/pb_ws/install/puzzlebot_control/lib/python3.10/site-packages:${PYTHONPATH} /usr/bin/python3 -W ignore:setup.py install is deprecated -W ignore:easy_install command is deprecated setup.py egg_info --egg-base ../../build/puzzlebot_control build --build-base /home/dalw/pb_ws/build/puzzlebot_control/build install --record /home/dalw/pb_ws/build/puzzlebot_control/install.log --single-version-externally-managed install_data
[10.528s] running egg_info
[10.531s] writing ../../build/puzzlebot_control/puzzlebot_control.egg-info/PKG-INFO
[10.561s] writing dependency_links to ../../build/puzzlebot_control/puzzlebot_control.egg-info/dependency_links.txt
[10.563s] writing entry points to ../../build/puzzlebot_control/puzzlebot_control.egg-info/entry_points.txt
[10.570s] writing requirements to ../../build/puzzlebot_control/puzzlebot_control.egg-info/requires.txt
[10.570s] writing top-level names to ../../build/puzzlebot_control/puzzlebot_control.egg-info/top_level.txt
[10.573s] reading manifest file '../../build/puzzlebot_control/puzzlebot_control.egg-info/SOURCES.txt'
[10.588s] writing manifest file '../../build/puzzlebot_control/puzzlebot_control.egg-info/SOURCES.txt'
[10.588s] running build
[10.589s] running build_py
[10.591s] running install
[10.594s] running install_lib
[10.604s] running install_data
[10.607s] running install_egg_info
[10.621s] removing '/home/dalw/pb_ws/install/puzzlebot_control/lib/python3.10/site-packages/puzzlebot_control-1.0.0-py3.10.egg-info' (and everything under it)
[10.634s] Copying ../../build/puzzlebot_control/puzzlebot_control.egg-info to /home/dalw/pb_ws/install/puzzlebot_control/lib/python3.10/site-packages/puzzlebot_control-1.0.0-py3.10.egg-info
[10.643s] running install_scripts
[10.803s] Installing ctc_controller script to /home/dalw/pb_ws/install/puzzlebot_control/lib/puzzlebot_control
[10.804s] Installing dashboard script to /home/dalw/pb_ws/install/puzzlebot_control/lib/puzzlebot_control
[10.805s] Installing ismc_controller script to /home/dalw/pb_ws/install/puzzlebot_control/lib/puzzlebot_control
[10.806s] Installing lyapunov_benchmark script to /home/dalw/pb_ws/install/puzzlebot_control/lib/puzzlebot_control
[10.810s] Installing ph_controller script to /home/dalw/pb_ws/install/puzzlebot_control/lib/puzzlebot_control
[10.811s] Installing pid_controller script to /home/dalw/pb_ws/install/puzzlebot_control/lib/puzzlebot_control
[10.811s] Installing puzzlebot_sim script to /home/dalw/pb_ws/install/puzzlebot_control/lib/puzzlebot_control
[10.811s] Installing smc_controller script to /home/dalw/pb_ws/install/puzzlebot_control/lib/puzzlebot_control
[10.811s] Installing teleop_keyboard script to /home/dalw/pb_ws/install/puzzlebot_control/lib/puzzlebot_control
[10.811s] Installing terrain_perturb script to /home/dalw/pb_ws/install/puzzlebot_control/lib/puzzlebot_control
[10.812s] writing list of installed files to '/home/dalw/pb_ws/build/puzzlebot_control/install.log'
[11.043s] Invoked command in '/home/dalw/pb_ws/src/pb-j_control' returned '0': PYTHONPATH=/home/dalw/pb_ws/build/puzzlebot_control/prefix_override:/usr/lib/python3/dist-packages/colcon_core/task/python/colcon_distutils_commands:/home/dalw/pb_ws/install/puzzlebot_control/lib/python3.10/site-packages:${PYTHONPATH} /usr/bin/python3 -W ignore:setup.py install is deprecated -W ignore:easy_install command is deprecated setup.py egg_info --egg-base ../../build/puzzlebot_control build --build-base /home/dalw/pb_ws/build/puzzlebot_control/build install --record /home/dalw/pb_ws/build/puzzlebot_control/install.log --single-version-externally-managed install_data
