[0.267s] DEBUG:colcon:Command line arguments: ['/usr/bin/colcon', 'build']
[0.267s] DEBUG:colcon:Parsed command line arguments: Namespace(log_base=None, log_level=None, verb_name='build', build_base='build', install_base='install', merge_install=False, symlink_install=False, test_result_base=None, continue_on_error=False, executor='parallel', parallel_workers=4, event_handlers=None, ignore_user_meta=False, metas=['./colcon.meta'], base_paths=['.'], packages_ignore=None, packages_ignore_regex=None, paths=None, packages_up_to=None, packages_up_to_regex=None, packages_above=None, packages_above_and_dependencies=None, packages_above_depth=None, packages_select_by_dep=None, packages_skip_by_dep=None, packages_skip_up_to=None, packages_select_build_failed=False, packages_skip_build_finished=False, packages_select_test_failures=False, packages_skip_test_passed=False, packages_select=None, packages_skip=None, packages_select_regex=None, packages_skip_regex=None, packages_start=None, packages_end=None, allow_overriding=[], cmake_args=None, cmake_target=None, cmake_target_skip_unavailable=False, cmake_clean_cache=False, cmake_clean_first=False, cmake_force_configure=False, ament_cmake_args=None, catkin_cmake_args=None, catkin_skip_building_tests=False, verb_parser=<colcon_defaults.argument_parser.defaults.DefaultArgumentsDecorator object at 0x7c0b60411c90>, verb_extension=<colcon_core.verb.build.BuildVerb object at 0x7c0b605c7310>, main=<bound method BuildVerb.main of <colcon_core.verb.build.BuildVerb object at 0x7c0b605c7310>>)
[0.555s] Level 1:colcon.colcon_core.package_discovery:discover_packages(colcon_meta) check parameters
[0.555s] Level 1:colcon.colcon_core.package_discovery:discover_packages(recursive) check parameters
[0.555s] Level 1:colcon.colcon_core.package_discovery:discover_packages(ignore) check parameters
[0.555s] Level 1:colcon.colcon_core.package_discovery:discover_packages(path) check parameters
[0.555s] Level 1:colcon.colcon_core.package_discovery:discover_packages(colcon_meta) discover
[0.556s] Level 1:colcon.colcon_core.package_discovery:discover_packages(recursive) discover
[0.556s] INFO:colcon.colcon_core.package_discovery:Crawling recursively for packages in '/home/dalw/pb_ws'
[0.556s] Level 1:colcon.colcon_core.package_identification:_identify(.) by extensions ['ignore', 'ignore_ament_install']
[0.556s] Level 1:colcon.colcon_core.package_identification:_identify(.) by extension 'ignore'
[0.556s] Level 1:colcon.colcon_core.package_identification:_identify(.) by extension 'ignore_ament_install'
[0.556s] Level 1:colcon.colcon_core.package_identification:_identify(.) by extensions ['colcon_pkg']
[0.556s] Level 1:colcon.colcon_core.package_identification:_identify(.) by extension 'colcon_pkg'
[0.556s] Level 1:colcon.colcon_core.package_identification:_identify(.) by extensions ['colcon_meta']
[0.556s] Level 1:colcon.colcon_core.package_identification:_identify(.) by extension 'colcon_meta'
[0.556s] Level 1:colcon.colcon_core.package_identification:_identify(.) by extensions ['ros']
[0.556s] Level 1:colcon.colcon_core.package_identification:_identify(.) by extension 'ros'
[0.574s] Level 1:colcon.colcon_core.package_identification:_identify(.) by extensions ['cmake', 'python']
[0.574s] Level 1:colcon.colcon_core.package_identification:_identify(.) by extension 'cmake'
[0.574s] Level 1:colcon.colcon_core.package_identification:_identify(.) by extension 'python'
[0.574s] Level 1:colcon.colcon_core.package_identification:_identify(.) by extensions ['python_setup_py']
[0.574s] Level 1:colcon.colcon_core.package_identification:_identify(.) by extension 'python_setup_py'
[0.574s] Level 1:colcon.colcon_core.package_identification:_identify(build) by extensions ['ignore', 'ignore_ament_install']
[0.574s] Level 1:colcon.colcon_core.package_identification:_identify(build) by extension 'ignore'
[0.574s] Level 1:colcon.colcon_core.package_identification:_identify(build) ignored
[0.574s] Level 1:colcon.colcon_core.package_identification:_identify(install) by extensions ['ignore', 'ignore_ament_install']
[0.574s] Level 1:colcon.colcon_core.package_identification:_identify(install) by extension 'ignore'
[0.574s] Level 1:colcon.colcon_core.package_identification:_identify(install) ignored
[0.575s] Level 1:colcon.colcon_core.package_identification:_identify(log) by extensions ['ignore', 'ignore_ament_install']
[0.575s] Level 1:colcon.colcon_core.package_identification:_identify(log) by extension 'ignore'
[0.575s] Level 1:colcon.colcon_core.package_identification:_identify(log) ignored
[0.575s] Level 1:colcon.colcon_core.package_identification:_identify(src) by extensions ['ignore', 'ignore_ament_install']
[0.575s] Level 1:colcon.colcon_core.package_identification:_identify(src) by extension 'ignore'
[0.575s] Level 1:colcon.colcon_core.package_identification:_identify(src) by extension 'ignore_ament_install'
[0.575s] Level 1:colcon.colcon_core.package_identification:_identify(src) by extensions ['colcon_pkg']
[0.575s] Level 1:colcon.colcon_core.package_identification:_identify(src) by extension 'colcon_pkg'
[0.575s] Level 1:colcon.colcon_core.package_identification:_identify(src) by extensions ['colcon_meta']
[0.575s] Level 1:colcon.colcon_core.package_identification:_identify(src) by extension 'colcon_meta'
[0.575s] Level 1:colcon.colcon_core.package_identification:_identify(src) by extensions ['ros']
[0.575s] Level 1:colcon.colcon_core.package_identification:_identify(src) by extension 'ros'
[0.575s] Level 1:colcon.colcon_core.package_identification:_identify(src) by extensions ['cmake', 'python']
[0.575s] Level 1:colcon.colcon_core.package_identification:_identify(src) by extension 'cmake'
[0.575s] Level 1:colcon.colcon_core.package_identification:_identify(src) by extension 'python'
[0.575s] Level 1:colcon.colcon_core.package_identification:_identify(src) by extensions ['python_setup_py']
[0.575s] Level 1:colcon.colcon_core.package_identification:_identify(src) by extension 'python_setup_py'
[0.576s] Level 1:colcon.colcon_core.package_identification:_identify(src/build) by extensions ['ignore', 'ignore_ament_install']
[0.576s] Level 1:colcon.colcon_core.package_identification:_identify(src/build) by extension 'ignore'
[0.576s] Level 1:colcon.colcon_core.package_identification:_identify(src/build) ignored
[0.576s] Level 1:colcon.colcon_core.package_identification:_identify(src/install) by extensions ['ignore', 'ignore_ament_install']
[0.576s] Level 1:colcon.colcon_core.package_identification:_identify(src/install) by extension 'ignore'
[0.576s] Level 1:colcon.colcon_core.package_identification:_identify(src/install) ignored
[0.576s] Level 1:colcon.colcon_core.package_identification:_identify(src/log) by extensions ['ignore', 'ignore_ament_install']
[0.576s] Level 1:colcon.colcon_core.package_identification:_identify(src/log) by extension 'ignore'
[0.576s] Level 1:colcon.colcon_core.package_identification:_identify(src/log) ignored
[0.576s] Level 1:colcon.colcon_core.package_identification:_identify(src/pb-j_control) by extensions ['ignore', 'ignore_ament_install']
[0.577s] Level 1:colcon.colcon_core.package_identification:_identify(src/pb-j_control) by extension 'ignore'
[0.577s] Level 1:colcon.colcon_core.package_identification:_identify(src/pb-j_control) by extension 'ignore_ament_install'
[0.577s] Level 1:colcon.colcon_core.package_identification:_identify(src/pb-j_control) by extensions ['colcon_pkg']
[0.577s] Level 1:colcon.colcon_core.package_identification:_identify(src/pb-j_control) by extension 'colcon_pkg'
[0.577s] Level 1:colcon.colcon_core.package_identification:_identify(src/pb-j_control) by extensions ['colcon_meta']
[0.577s] Level 1:colcon.colcon_core.package_identification:_identify(src/pb-j_control) by extension 'colcon_meta'
[0.577s] Level 1:colcon.colcon_core.package_identification:_identify(src/pb-j_control) by extensions ['ros']
[0.577s] Level 1:colcon.colcon_core.package_identification:_identify(src/pb-j_control) by extension 'ros'
[0.582s] DEBUG:colcon.colcon_core.package_identification:Package 'src/pb-j_control' with type 'ros.ament_python' and name 'puzzlebot_control'
[0.582s] Level 1:colcon.colcon_core.package_identification:_identify(src/puzzlebot_control) by extensions ['ignore', 'ignore_ament_install']
[0.582s] Level 1:colcon.colcon_core.package_identification:_identify(src/puzzlebot_control) by extension 'ignore'
[0.583s] Level 1:colcon.colcon_core.package_identification:_identify(src/puzzlebot_control) by extension 'ignore_ament_install'
[0.583s] Level 1:colcon.colcon_core.package_identification:_identify(src/puzzlebot_control) by extensions ['colcon_pkg']
[0.583s] Level 1:colcon.colcon_core.package_identification:_identify(src/puzzlebot_control) by extension 'colcon_pkg'
[0.583s] Level 1:colcon.colcon_core.package_identification:_identify(src/puzzlebot_control) by extensions ['colcon_meta']
[0.583s] Level 1:colcon.colcon_core.package_identification:_identify(src/puzzlebot_control) by extension 'colcon_meta'
[0.583s] Level 1:colcon.colcon_core.package_identification:_identify(src/puzzlebot_control) by extensions ['ros']
[0.583s] Level 1:colcon.colcon_core.package_identification:_identify(src/puzzlebot_control) by extension 'ros'
[0.583s] Level 1:colcon.colcon_core.package_identification:_identify(src/puzzlebot_control) by extensions ['cmake', 'python']
[0.583s] Level 1:colcon.colcon_core.package_identification:_identify(src/puzzlebot_control) by extension 'cmake'
[0.583s] Level 1:colcon.colcon_core.package_identification:_identify(src/puzzlebot_control) by extension 'python'
[0.583s] Level 1:colcon.colcon_core.package_identification:_identify(src/puzzlebot_control) by extensions ['python_setup_py']
[0.583s] Level 1:colcon.colcon_core.package_identification:_identify(src/puzzlebot_control) by extension 'python_setup_py'
[0.583s] Level 1:colcon.colcon_core.package_identification:_identify(src/puzzlebot_control/build) by extensions ['ignore', 'ignore_ament_install']
[0.583s] Level 1:colcon.colcon_core.package_identification:_identify(src/puzzlebot_control/build) by extension 'ignore'
[0.583s] Level 1:colcon.colcon_core.package_identification:_identify(src/puzzlebot_control/build) ignored
[0.584s] Level 1:colcon.colcon_core.package_identification:_identify(src/puzzlebot_control/install) by extensions ['ignore', 'ignore_ament_install']
[0.584s] Level 1:colcon.colcon_core.package_identification:_identify(src/puzzlebot_control/install) by extension 'ignore'
[0.584s] Level 1:colcon.colcon_core.package_identification:_identify(src/puzzlebot_control/install) ignored
[0.584s] Level 1:colcon.colcon_core.package_identification:_identify(src/puzzlebot_control/log) by extensions ['ignore', 'ignore_ament_install']
[0.584s] Level 1:colcon.colcon_core.package_identification:_identify(src/puzzlebot_control/log) by extension 'ignore'
[0.584s] Level 1:colcon.colcon_core.package_identification:_identify(src/puzzlebot_control/log) ignored
[0.584s] Level 1:colcon.colcon_core.package_discovery:discover_packages(recursive) using defaults
[0.584s] Level 1:colcon.colcon_core.package_discovery:discover_packages(ignore) discover
[0.584s] Level 1:colcon.colcon_core.package_discovery:discover_packages(ignore) using defaults
[0.584s] Level 1:colcon.colcon_core.package_discovery:discover_packages(path) discover
[0.584s] Level 1:colcon.colcon_core.package_discovery:discover_packages(path) using defaults
[0.645s] Level 1:colcon.colcon_core.package_discovery:discover_packages(prefix_path) check parameters
[0.645s] Level 1:colcon.colcon_core.package_discovery:discover_packages(prefix_path) discover
[0.649s] DEBUG:colcon.colcon_installed_package_information.package_discovery:Found 3 installed packages in /home/dalw/uros_ws/install
[0.651s] DEBUG:colcon.colcon_installed_package_information.package_discovery:Found 16 installed packages in /home/dalw/dev_ws/install
[0.652s] DEBUG:colcon.colcon_installed_package_information.package_discovery:Found 381 installed packages in /opt/ros/humble
[0.655s] Level 1:colcon.colcon_core.package_discovery:discover_packages(prefix_path) using defaults
[0.728s] Level 5:colcon.colcon_core.verb:set package 'puzzlebot_control' build argument 'cmake_args' from command line to 'None'
[0.729s] Level 5:colcon.colcon_core.verb:set package 'puzzlebot_control' build argument 'cmake_target' from command line to 'None'
[0.729s] Level 5:colcon.colcon_core.verb:set package 'puzzlebot_control' build argument 'cmake_target_skip_unavailable' from command line to 'False'
[0.729s] Level 5:colcon.colcon_core.verb:set package 'puzzlebot_control' build argument 'cmake_clean_cache' from command line to 'False'
[0.729s] Level 5:colcon.colcon_core.verb:set package 'puzzlebot_control' build argument 'cmake_clean_first' from command line to 'False'
[0.729s] Level 5:colcon.colcon_core.verb:set package 'puzzlebot_control' build argument 'cmake_force_configure' from command line to 'False'
[0.729s] Level 5:colcon.colcon_core.verb:set package 'puzzlebot_control' build argument 'ament_cmake_args' from command line to 'None'
[0.729s] Level 5:colcon.colcon_core.verb:set package 'puzzlebot_control' build argument 'catkin_cmake_args' from command line to 'None'
[0.729s] Level 5:colcon.colcon_core.verb:set package 'puzzlebot_control' build argument 'catkin_skip_building_tests' from command line to 'False'
[0.729s] DEBUG:colcon.colcon_core.verb:Building package 'puzzlebot_control' with the following arguments: {'ament_cmake_args': None, 'build_base': '/home/dalw/pb_ws/build/puzzlebot_control', 'catkin_cmake_args': None, 'catkin_skip_building_tests': False, 'cmake_args': None, 'cmake_clean_cache': False, 'cmake_clean_first': False, 'cmake_force_configure': False, 'cmake_target': None, 'cmake_target_skip_unavailable': False, 'install_base': '/home/dalw/pb_ws/install/puzzlebot_control', 'merge_install': False, 'path': '/home/dalw/pb_ws/src/pb-j_control', 'symlink_install': False, 'test_result_base': None}
[0.729s] INFO:colcon.colcon_core.executor:Executing jobs using 'parallel' executor
[0.730s] DEBUG:colcon.colcon_parallel_executor.executor.parallel:run_until_complete
[0.731s] INFO:colcon.colcon_ros.task.ament_python.build:Building ROS package in '/home/dalw/pb_ws/src/pb-j_control' with build type 'ament_python'
[0.731s] Level 1:colcon.colcon_core.shell:create_environment_hook('puzzlebot_control', 'ament_prefix_path')
[0.738s] INFO:colcon.colcon_core.plugin_system:Skipping extension 'colcon_core.shell.bat': Not used on non-Windows systems
[0.738s] INFO:colcon.colcon_core.shell:Creating environment hook '/home/dalw/pb_ws/install/puzzlebot_control/share/puzzlebot_control/hook/ament_prefix_path.ps1'
[0.739s] INFO:colcon.colcon_core.shell:Creating environment descriptor '/home/dalw/pb_ws/install/puzzlebot_control/share/puzzlebot_control/hook/ament_prefix_path.dsv'
[0.739s] INFO:colcon.colcon_core.shell:Creating environment hook '/home/dalw/pb_ws/install/puzzlebot_control/share/puzzlebot_control/hook/ament_prefix_path.sh'
[0.740s] INFO:colcon.colcon_core.shell:Skip shell extension 'powershell' for command environment: Not usable outside of PowerShell
[0.741s] DEBUG:colcon.colcon_core.shell:Skip shell extension 'dsv' for command environment
[1.123s] INFO:colcon.colcon_core.task.python.build:Building Python package in '/home/dalw/pb_ws/src/pb-j_control'
[1.123s] INFO:colcon.colcon_core.shell:Skip shell extension 'powershell' for command environment: Not usable outside of PowerShell
[1.123s] DEBUG:colcon.colcon_core.shell:Skip shell extension 'dsv' for command environment
[1.775s] DEBUG:colcon.colcon_core.event_handler.log_command:Invoking command in '/home/dalw/pb_ws/src/pb-j_control': PYTHONPATH=/home/dalw/pb_ws/build/puzzlebot_control/prefix_override:/usr/lib/python3/dist-packages/colcon_core/task/python/colcon_distutils_commands:/home/dalw/pb_ws/install/puzzlebot_control/lib/python3.10/site-packages:${PYTHONPATH} /usr/bin/python3 -W ignore:setup.py install is deprecated -W ignore:easy_install command is deprecated setup.py egg_info --egg-base ../../build/puzzlebot_control build --build-base /home/dalw/pb_ws/build/puzzlebot_control/build install --record /home/dalw/pb_ws/build/puzzlebot_control/install.log --single-version-externally-managed install_data
[2.476s] DEBUG:colcon.colcon_core.event_handler.log_command:Invoked command in '/home/dalw/pb_ws/src/pb-j_control' returned '0': PYTHONPATH=/home/dalw/pb_ws/build/puzzlebot_control/prefix_override:/usr/lib/python3/dist-packages/colcon_core/task/python/colcon_distutils_commands:/home/dalw/pb_ws/install/puzzlebot_control/lib/python3.10/site-packages:${PYTHONPATH} /usr/bin/python3 -W ignore:setup.py install is deprecated -W ignore:easy_install command is deprecated setup.py egg_info --egg-base ../../build/puzzlebot_control build --build-base /home/dalw/pb_ws/build/puzzlebot_control/build install --record /home/dalw/pb_ws/build/puzzlebot_control/install.log --single-version-externally-managed install_data
[2.483s] Level 1:colcon.colcon_core.environment:checking '/home/dalw/pb_ws/install/puzzlebot_control' for CMake module files
[2.483s] Level 1:colcon.colcon_core.environment:checking '/home/dalw/pb_ws/install/puzzlebot_control' for CMake config files
[2.485s] Level 1:colcon.colcon_core.environment:checking '/home/dalw/pb_ws/install/puzzlebot_control/lib'
[2.489s] Level 1:colcon.colcon_core.environment:checking '/home/dalw/pb_ws/install/puzzlebot_control/bin'
[2.489s] Level 1:colcon.colcon_core.environment:checking '/home/dalw/pb_ws/install/puzzlebot_control/lib/pkgconfig/puzzlebot_control.pc'
[2.491s] Level 1:colcon.colcon_core.environment:checking '/home/dalw/pb_ws/install/puzzlebot_control/lib/python3.10/site-packages'
[2.491s] Level 1:colcon.colcon_core.shell:create_environment_hook('puzzlebot_control', 'pythonpath')
[2.491s] INFO:colcon.colcon_core.shell:Creating environment hook '/home/dalw/pb_ws/install/puzzlebot_control/share/puzzlebot_control/hook/pythonpath.ps1'
[2.493s] INFO:colcon.colcon_core.shell:Creating environment descriptor '/home/dalw/pb_ws/install/puzzlebot_control/share/puzzlebot_control/hook/pythonpath.dsv'
[2.494s] INFO:colcon.colcon_core.shell:Creating environment hook '/home/dalw/pb_ws/install/puzzlebot_control/share/puzzlebot_control/hook/pythonpath.sh'
[2.496s] Level 1:colcon.colcon_core.environment:checking '/home/dalw/pb_ws/install/puzzlebot_control/bin'
[2.497s] Level 1:colcon.colcon_core.environment:create_environment_scripts_only(puzzlebot_control)
[2.497s] INFO:colcon.colcon_core.shell:Creating package script '/home/dalw/pb_ws/install/puzzlebot_control/share/puzzlebot_control/package.ps1'
[2.504s] INFO:colcon.colcon_core.shell:Creating package descriptor '/home/dalw/pb_ws/install/puzzlebot_control/share/puzzlebot_control/package.dsv'
[2.505s] INFO:colcon.colcon_core.shell:Creating package script '/home/dalw/pb_ws/install/puzzlebot_control/share/puzzlebot_control/package.sh'
[2.507s] INFO:colcon.colcon_core.shell:Creating package script '/home/dalw/pb_ws/install/puzzlebot_control/share/puzzlebot_control/package.bash'
[2.508s] INFO:colcon.colcon_core.shell:Creating package script '/home/dalw/pb_ws/install/puzzlebot_control/share/puzzlebot_control/package.zsh'
[2.509s] Level 1:colcon.colcon_core.environment:create_file_with_runtime_dependencies(/home/dalw/pb_ws/install/puzzlebot_control/share/colcon-core/packages/puzzlebot_control)
[2.510s] DEBUG:colcon.colcon_parallel_executor.executor.parallel:closing loop
[2.511s] DEBUG:colcon.colcon_parallel_executor.executor.parallel:loop closed
[2.512s] DEBUG:colcon.colcon_parallel_executor.executor.parallel:run_until_complete finished with '0'
[2.512s] DEBUG:colcon.colcon_core.event_reactor:joining thread
[2.603s] INFO:colcon.colcon_core.plugin_system:Skipping extension 'colcon_notification.desktop_notification.notify_send': Could not find 'notify-send'
[2.603s] INFO:colcon.colcon_core.plugin_system:Skipping extension 'colcon_notification.desktop_notification.terminal_notifier': Not used on non-Darwin systems
[2.603s] INFO:colcon.colcon_core.plugin_system:Skipping extension 'colcon_notification.desktop_notification.win32': Not used on non-Windows systems
[2.603s] INFO:colcon.colcon_notification.desktop_notification:Sending desktop notification using 'notify2'
[2.606s] DEBUG:colcon.colcon_notification.desktop_notification.notify2:Failed to initialize notify2: org.freedesktop.DBus.Error.ServiceUnknown: The name org.freedesktop.Notifications was not provided by any .service files
[2.606s] DEBUG:colcon.colcon_core.event_reactor:joined thread
[2.607s] INFO:colcon.colcon_core.shell:Creating prefix script '/home/dalw/pb_ws/install/local_setup.ps1'
[2.612s] INFO:colcon.colcon_core.shell:Creating prefix util module '/home/dalw/pb_ws/install/_local_setup_util_ps1.py'
[2.616s] INFO:colcon.colcon_core.shell:Creating prefix chain script '/home/dalw/pb_ws/install/setup.ps1'
[2.618s] INFO:colcon.colcon_core.shell:Creating prefix script '/home/dalw/pb_ws/install/local_setup.sh'
[2.619s] INFO:colcon.colcon_core.shell:Creating prefix util module '/home/dalw/pb_ws/install/_local_setup_util_sh.py'
[2.620s] INFO:colcon.colcon_core.shell:Creating prefix chain script '/home/dalw/pb_ws/install/setup.sh'
[2.624s] INFO:colcon.colcon_core.shell:Creating prefix script '/home/dalw/pb_ws/install/local_setup.bash'
[2.626s] INFO:colcon.colcon_core.shell:Creating prefix chain script '/home/dalw/pb_ws/install/setup.bash'
[2.629s] INFO:colcon.colcon_core.shell:Creating prefix script '/home/dalw/pb_ws/install/local_setup.zsh'
[2.630s] INFO:colcon.colcon_core.shell:Creating prefix chain script '/home/dalw/pb_ws/install/setup.zsh'
