[1.141s] DEBUG:colcon:Command line arguments: ['/usr/bin/colcon', 'build']
[1.141s] DEBUG:colcon:Parsed command line arguments: Namespace(log_base=None, log_level=None, verb_name='build', build_base='build', install_base='install', merge_install=False, symlink_install=False, test_result_base=None, continue_on_error=False, executor='parallel', parallel_workers=4, event_handlers=None, ignore_user_meta=False, metas=['./colcon.meta'], base_paths=['.'], packages_ignore=None, packages_ignore_regex=None, paths=None, packages_up_to=None, packages_up_to_regex=None, packages_above=None, packages_above_and_dependencies=None, packages_above_depth=None, packages_select_by_dep=None, packages_skip_by_dep=None, packages_skip_up_to=None, packages_select_build_failed=False, packages_skip_build_finished=False, packages_select_test_failures=False, packages_skip_test_passed=False, packages_select=None, packages_skip=None, packages_select_regex=None, packages_skip_regex=None, packages_start=None, packages_end=None, allow_overriding=[], cmake_args=None, cmake_target=None, cmake_target_skip_unavailable=False, cmake_clean_cache=False, cmake_clean_first=False, cmake_force_configure=False, ament_cmake_args=None, catkin_cmake_args=None, catkin_skip_building_tests=False, verb_parser=<colcon_defaults.argument_parser.defaults.DefaultArgumentsDecorator object at 0x75566cb4dc90>, verb_extension=<colcon_core.verb.build.BuildVerb object at 0x75566ccbf310>, main=<bound method BuildVerb.main of <colcon_core.verb.build.BuildVerb object at 0x75566ccbf310>>)
[2.021s] Level 1:colcon.colcon_core.package_discovery:discover_packages(colcon_meta) check parameters
[2.022s] Level 1:colcon.colcon_core.package_discovery:discover_packages(recursive) check parameters
[2.022s] Level 1:colcon.colcon_core.package_discovery:discover_packages(ignore) check parameters
[2.022s] Level 1:colcon.colcon_core.package_discovery:discover_packages(path) check parameters
[2.022s] Level 1:colcon.colcon_core.package_discovery:discover_packages(colcon_meta) discover
[2.022s] Level 1:colcon.colcon_core.package_discovery:discover_packages(recursive) discover
[2.022s] INFO:colcon.colcon_core.package_discovery:Crawling recursively for packages in '/home/dalw/pb_ws'
[2.023s] Level 1:colcon.colcon_core.package_identification:_identify(.) by extensions ['ignore', 'ignore_ament_install']
[2.023s] Level 1:colcon.colcon_core.package_identification:_identify(.) by extension 'ignore'
[2.023s] Level 1:colcon.colcon_core.package_identification:_identify(.) by extension 'ignore_ament_install'
[2.023s] Level 1:colcon.colcon_core.package_identification:_identify(.) by extensions ['colcon_pkg']
[2.023s] Level 1:colcon.colcon_core.package_identification:_identify(.) by extension 'colcon_pkg'
[2.024s] Level 1:colcon.colcon_core.package_identification:_identify(.) by extensions ['colcon_meta']
[2.024s] Level 1:colcon.colcon_core.package_identification:_identify(.) by extension 'colcon_meta'
[2.024s] Level 1:colcon.colcon_core.package_identification:_identify(.) by extensions ['ros']
[2.024s] Level 1:colcon.colcon_core.package_identification:_identify(.) by extension 'ros'
[2.073s] Level 1:colcon.colcon_core.package_identification:_identify(.) by extensions ['cmake', 'python']
[2.073s] Level 1:colcon.colcon_core.package_identification:_identify(.) by extension 'cmake'
[2.073s] Level 1:colcon.colcon_core.package_identification:_identify(.) by extension 'python'
[2.073s] Level 1:colcon.colcon_core.package_identification:_identify(.) by extensions ['python_setup_py']
[2.073s] Level 1:colcon.colcon_core.package_identification:_identify(.) by extension 'python_setup_py'
[2.074s] Level 1:colcon.colcon_core.package_identification:_identify(build) by extensions ['ignore', 'ignore_ament_install']
[2.074s] Level 1:colcon.colcon_core.package_identification:_identify(build) by extension 'ignore'
[2.076s] Level 1:colcon.colcon_core.package_identification:_identify(build) ignored
[2.077s] Level 1:colcon.colcon_core.package_identification:_identify(install) by extensions ['ignore', 'ignore_ament_install']
[2.077s] Level 1:colcon.colcon_core.package_identification:_identify(install) by extension 'ignore'
[2.077s] Level 1:colcon.colcon_core.package_identification:_identify(install) ignored
[2.079s] Level 1:colcon.colcon_core.package_identification:_identify(log) by extensions ['ignore', 'ignore_ament_install']
[2.079s] Level 1:colcon.colcon_core.package_identification:_identify(log) by extension 'ignore'
[2.079s] Level 1:colcon.colcon_core.package_identification:_identify(log) ignored
[2.079s] Level 1:colcon.colcon_core.package_identification:_identify(src) by extensions ['ignore', 'ignore_ament_install']
[2.080s] Level 1:colcon.colcon_core.package_identification:_identify(src) by extension 'ignore'
[2.080s] Level 1:colcon.colcon_core.package_identification:_identify(src) by extension 'ignore_ament_install'
[2.080s] Level 1:colcon.colcon_core.package_identification:_identify(src) by extensions ['colcon_pkg']
[2.080s] Level 1:colcon.colcon_core.package_identification:_identify(src) by extension 'colcon_pkg'
[2.080s] Level 1:colcon.colcon_core.package_identification:_identify(src) by extensions ['colcon_meta']
[2.080s] Level 1:colcon.colcon_core.package_identification:_identify(src) by extension 'colcon_meta'
[2.081s] Level 1:colcon.colcon_core.package_identification:_identify(src) by extensions ['ros']
[2.081s] Level 1:colcon.colcon_core.package_identification:_identify(src) by extension 'ros'
[2.081s] Level 1:colcon.colcon_core.package_identification:_identify(src) by extensions ['cmake', 'python']
[2.081s] Level 1:colcon.colcon_core.package_identification:_identify(src) by extension 'cmake'
[2.081s] Level 1:colcon.colcon_core.package_identification:_identify(src) by extension 'python'
[2.081s] Level 1:colcon.colcon_core.package_identification:_identify(src) by extensions ['python_setup_py']
[2.081s] Level 1:colcon.colcon_core.package_identification:_identify(src) by extension 'python_setup_py'
[2.082s] Level 1:colcon.colcon_core.package_identification:_identify(src/build) by extensions ['ignore', 'ignore_ament_install']
[2.082s] Level 1:colcon.colcon_core.package_identification:_identify(src/build) by extension 'ignore'
[2.082s] Level 1:colcon.colcon_core.package_identification:_identify(src/build) ignored
[2.083s] Level 1:colcon.colcon_core.package_identification:_identify(src/install) by extensions ['ignore', 'ignore_ament_install']
[2.083s] Level 1:colcon.colcon_core.package_identification:_identify(src/install) by extension 'ignore'
[2.083s] Level 1:colcon.colcon_core.package_identification:_identify(src/install) ignored
[2.083s] Level 1:colcon.colcon_core.package_identification:_identify(src/log) by extensions ['ignore', 'ignore_ament_install']
[2.084s] Level 1:colcon.colcon_core.package_identification:_identify(src/log) by extension 'ignore'
[2.086s] Level 1:colcon.colcon_core.package_identification:_identify(src/log) ignored
[2.087s] Level 1:colcon.colcon_core.package_identification:_identify(src/pb-j_control) by extensions ['ignore', 'ignore_ament_install']
[2.087s] Level 1:colcon.colcon_core.package_identification:_identify(src/pb-j_control) by extension 'ignore'
[2.087s] Level 1:colcon.colcon_core.package_identification:_identify(src/pb-j_control) by extension 'ignore_ament_install'
[2.087s] Level 1:colcon.colcon_core.package_identification:_identify(src/pb-j_control) by extensions ['colcon_pkg']
[2.087s] Level 1:colcon.colcon_core.package_identification:_identify(src/pb-j_control) by extension 'colcon_pkg'
[2.088s] Level 1:colcon.colcon_core.package_identification:_identify(src/pb-j_control) by extensions ['colcon_meta']
[2.088s] Level 1:colcon.colcon_core.package_identification:_identify(src/pb-j_control) by extension 'colcon_meta'
[2.088s] Level 1:colcon.colcon_core.package_identification:_identify(src/pb-j_control) by extensions ['ros']
[2.088s] Level 1:colcon.colcon_core.package_identification:_identify(src/pb-j_control) by extension 'ros'
[2.106s] DEBUG:colcon.colcon_core.package_identification:Package 'src/pb-j_control' with type 'ros.ament_python' and name 'puzzlebot_control'
[2.107s] Level 1:colcon.colcon_core.package_identification:_identify(src/puzzlebot_control) by extensions ['ignore', 'ignore_ament_install']
[2.107s] Level 1:colcon.colcon_core.package_identification:_identify(src/puzzlebot_control) by extension 'ignore'
[2.108s] Level 1:colcon.colcon_core.package_identification:_identify(src/puzzlebot_control) by extension 'ignore_ament_install'
[2.108s] Level 1:colcon.colcon_core.package_identification:_identify(src/puzzlebot_control) by extensions ['colcon_pkg']
[2.108s] Level 1:colcon.colcon_core.package_identification:_identify(src/puzzlebot_control) by extension 'colcon_pkg'
[2.111s] Level 1:colcon.colcon_core.package_identification:_identify(src/puzzlebot_control) by extensions ['colcon_meta']
[2.112s] Level 1:colcon.colcon_core.package_identification:_identify(src/puzzlebot_control) by extension 'colcon_meta'
[2.112s] Level 1:colcon.colcon_core.package_identification:_identify(src/puzzlebot_control) by extensions ['ros']
[2.112s] Level 1:colcon.colcon_core.package_identification:_identify(src/puzzlebot_control) by extension 'ros'
[2.112s] Level 1:colcon.colcon_core.package_identification:_identify(src/puzzlebot_control) by extensions ['cmake', 'python']
[2.112s] Level 1:colcon.colcon_core.package_identification:_identify(src/puzzlebot_control) by extension 'cmake'
[2.113s] Level 1:colcon.colcon_core.package_identification:_identify(src/puzzlebot_control) by extension 'python'
[2.113s] Level 1:colcon.colcon_core.package_identification:_identify(src/puzzlebot_control) by extensions ['python_setup_py']
[2.113s] Level 1:colcon.colcon_core.package_identification:_identify(src/puzzlebot_control) by extension 'python_setup_py'
[2.113s] Level 1:colcon.colcon_core.package_discovery:discover_packages(recursive) using defaults
[2.113s] Level 1:colcon.colcon_core.package_discovery:discover_packages(ignore) discover
[2.113s] Level 1:colcon.colcon_core.package_discovery:discover_packages(ignore) using defaults
[2.113s] Level 1:colcon.colcon_core.package_discovery:discover_packages(path) discover
[2.113s] Level 1:colcon.colcon_core.package_discovery:discover_packages(path) using defaults
[2.249s] Level 1:colcon.colcon_core.package_discovery:discover_packages(prefix_path) check parameters
[2.250s] Level 1:colcon.colcon_core.package_discovery:discover_packages(prefix_path) discover
[2.268s] DEBUG:colcon.colcon_installed_package_information.package_discovery:Found 3 installed packages in /home/dalw/uros_ws/install
[2.270s] DEBUG:colcon.colcon_installed_package_information.package_discovery:Found 16 installed packages in /home/dalw/dev_ws/install
[2.279s] DEBUG:colcon.colcon_installed_package_information.package_discovery:Found 381 installed packages in /opt/ros/humble
[2.289s] Level 1:colcon.colcon_core.package_discovery:discover_packages(prefix_path) using defaults
[2.571s] Level 5:colcon.colcon_core.verb:set package 'puzzlebot_control' build argument 'cmake_args' from command line to 'None'
[2.571s] Level 5:colcon.colcon_core.verb:set package 'puzzlebot_control' build argument 'cmake_target' from command line to 'None'
[2.571s] Level 5:colcon.colcon_core.verb:set package 'puzzlebot_control' build argument 'cmake_target_skip_unavailable' from command line to 'False'
[2.571s] Level 5:colcon.colcon_core.verb:set package 'puzzlebot_control' build argument 'cmake_clean_cache' from command line to 'False'
[2.571s] Level 5:colcon.colcon_core.verb:set package 'puzzlebot_control' build argument 'cmake_clean_first' from command line to 'False'
[2.571s] Level 5:colcon.colcon_core.verb:set package 'puzzlebot_control' build argument 'cmake_force_configure' from command line to 'False'
[2.571s] Level 5:colcon.colcon_core.verb:set package 'puzzlebot_control' build argument 'ament_cmake_args' from command line to 'None'
[2.571s] Level 5:colcon.colcon_core.verb:set package 'puzzlebot_control' build argument 'catkin_cmake_args' from command line to 'None'
[2.571s] Level 5:colcon.colcon_core.verb:set package 'puzzlebot_control' build argument 'catkin_skip_building_tests' from command line to 'False'
[2.571s] DEBUG:colcon.colcon_core.verb:Building package 'puzzlebot_control' with the following arguments: {'ament_cmake_args': None, 'build_base': '/home/dalw/pb_ws/build/puzzlebot_control', 'catkin_cmake_args': None, 'catkin_skip_building_tests': False, 'cmake_args': None, 'cmake_clean_cache': False, 'cmake_clean_first': False, 'cmake_force_configure': False, 'cmake_target': None, 'cmake_target_skip_unavailable': False, 'install_base': '/home/dalw/pb_ws/install/puzzlebot_control', 'merge_install': False, 'path': '/home/dalw/pb_ws/src/pb-j_control', 'symlink_install': False, 'test_result_base': None}
[2.572s] INFO:colcon.colcon_core.executor:Executing jobs using 'parallel' executor
[2.583s] DEBUG:colcon.colcon_parallel_executor.executor.parallel:run_until_complete
[2.584s] INFO:colcon.colcon_ros.task.ament_python.build:Building ROS package in '/home/dalw/pb_ws/src/pb-j_control' with build type 'ament_python'
[2.586s] Level 1:colcon.colcon_core.shell:create_environment_hook('puzzlebot_control', 'ament_prefix_path')
[2.592s] INFO:colcon.colcon_core.plugin_system:Skipping extension 'colcon_core.shell.bat': Not used on non-Windows systems
[2.593s] INFO:colcon.colcon_core.shell:Creating environment hook '/home/dalw/pb_ws/install/puzzlebot_control/share/puzzlebot_control/hook/ament_prefix_path.ps1'
[2.597s] INFO:colcon.colcon_core.shell:Creating environment descriptor '/home/dalw/pb_ws/install/puzzlebot_control/share/puzzlebot_control/hook/ament_prefix_path.dsv'
[2.600s] INFO:colcon.colcon_core.shell:Creating environment hook '/home/dalw/pb_ws/install/puzzlebot_control/share/puzzlebot_control/hook/ament_prefix_path.sh'
[2.606s] INFO:colcon.colcon_core.shell:Skip shell extension 'powershell' for command environment: Not usable outside of PowerShell
[2.606s] DEBUG:colcon.colcon_core.shell:Skip shell extension 'dsv' for command environment
[4.247s] INFO:colcon.colcon_core.task.python.build:Building Python package in '/home/dalw/pb_ws/src/pb-j_control'
[4.248s] INFO:colcon.colcon_core.shell:Skip shell extension 'powershell' for command environment: Not usable outside of PowerShell
[4.249s] DEBUG:colcon.colcon_core.shell:Skip shell extension 'dsv' for command environment
[6.431s] DEBUG:colcon.colcon_core.event_handler.log_command:Invoking command in '/home/dalw/pb_ws/src/pb-j_control': PYTHONPATH=/home/dalw/pb_ws/build/puzzlebot_control/prefix_override:/usr/lib/python3/dist-packages/colcon_core/task/python/colcon_distutils_commands:/home/dalw/pb_ws/install/puzzlebot_control/lib/python3.10/site-packages:${PYTHONPATH} /usr/bin/python3 -W ignore:setup.py install is deprecated -W ignore:easy_install command is deprecated setup.py egg_info --egg-base ../../build/puzzlebot_control build --build-base /home/dalw/pb_ws/build/puzzlebot_control/build install --record /home/dalw/pb_ws/build/puzzlebot_control/install.log --single-version-externally-managed install_data
[8.251s] DEBUG:colcon.colcon_core.event_handler.log_command:Invoked command in '/home/dalw/pb_ws/src/pb-j_control' returned '0': PYTHONPATH=/home/dalw/pb_ws/build/puzzlebot_control/prefix_override:/usr/lib/python3/dist-packages/colcon_core/task/python/colcon_distutils_commands:/home/dalw/pb_ws/install/puzzlebot_control/lib/python3.10/site-packages:${PYTHONPATH} /usr/bin/python3 -W ignore:setup.py install is deprecated -W ignore:easy_install command is deprecated setup.py egg_info --egg-base ../../build/puzzlebot_control build --build-base /home/dalw/pb_ws/build/puzzlebot_control/build install --record /home/dalw/pb_ws/build/puzzlebot_control/install.log --single-version-externally-managed install_data
[8.261s] Level 1:colcon.colcon_core.environment:checking '/home/dalw/pb_ws/install/puzzlebot_control' for CMake module files
[8.279s] Level 1:colcon.colcon_core.environment:checking '/home/dalw/pb_ws/install/puzzlebot_control' for CMake config files
[8.294s] Level 1:colcon.colcon_core.environment:checking '/home/dalw/pb_ws/install/puzzlebot_control/lib'
[8.295s] Level 1:colcon.colcon_core.environment:checking '/home/dalw/pb_ws/install/puzzlebot_control/bin'
[8.295s] Level 1:colcon.colcon_core.environment:checking '/home/dalw/pb_ws/install/puzzlebot_control/lib/pkgconfig/puzzlebot_control.pc'
[8.296s] Level 1:colcon.colcon_core.environment:checking '/home/dalw/pb_ws/install/puzzlebot_control/lib/python3.10/site-packages'
[8.296s] Level 1:colcon.colcon_core.shell:create_environment_hook('puzzlebot_control', 'pythonpath')
[8.297s] INFO:colcon.colcon_core.shell:Creating environment hook '/home/dalw/pb_ws/install/puzzlebot_control/share/puzzlebot_control/hook/pythonpath.ps1'
[8.330s] INFO:colcon.colcon_core.shell:Creating environment descriptor '/home/dalw/pb_ws/install/puzzlebot_control/share/puzzlebot_control/hook/pythonpath.dsv'
[8.332s] INFO:colcon.colcon_core.shell:Creating environment hook '/home/dalw/pb_ws/install/puzzlebot_control/share/puzzlebot_control/hook/pythonpath.sh'
[8.353s] Level 1:colcon.colcon_core.environment:checking '/home/dalw/pb_ws/install/puzzlebot_control/bin'
[8.353s] Level 1:colcon.colcon_core.environment:create_environment_scripts_only(puzzlebot_control)
[8.357s] INFO:colcon.colcon_core.shell:Creating package script '/home/dalw/pb_ws/install/puzzlebot_control/share/puzzlebot_control/package.ps1'
[8.362s] INFO:colcon.colcon_core.shell:Creating package descriptor '/home/dalw/pb_ws/install/puzzlebot_control/share/puzzlebot_control/package.dsv'
[8.368s] INFO:colcon.colcon_core.shell:Creating package script '/home/dalw/pb_ws/install/puzzlebot_control/share/puzzlebot_control/package.sh'
[8.374s] INFO:colcon.colcon_core.shell:Creating package script '/home/dalw/pb_ws/install/puzzlebot_control/share/puzzlebot_control/package.bash'
[8.377s] INFO:colcon.colcon_core.shell:Creating package script '/home/dalw/pb_ws/install/puzzlebot_control/share/puzzlebot_control/package.zsh'
[8.379s] Level 1:colcon.colcon_core.environment:create_file_with_runtime_dependencies(/home/dalw/pb_ws/install/puzzlebot_control/share/colcon-core/packages/puzzlebot_control)
[8.383s] DEBUG:colcon.colcon_parallel_executor.executor.parallel:closing loop
[8.384s] DEBUG:colcon.colcon_parallel_executor.executor.parallel:loop closed
[8.384s] DEBUG:colcon.colcon_parallel_executor.executor.parallel:run_until_complete finished with '0'
[8.384s] DEBUG:colcon.colcon_core.event_reactor:joining thread
[8.701s] INFO:colcon.colcon_core.plugin_system:Skipping extension 'colcon_notification.desktop_notification.notify_send': Could not find 'notify-send'
[8.702s] INFO:colcon.colcon_core.plugin_system:Skipping extension 'colcon_notification.desktop_notification.terminal_notifier': Not used on non-Darwin systems
[8.702s] INFO:colcon.colcon_core.plugin_system:Skipping extension 'colcon_notification.desktop_notification.win32': Not used on non-Windows systems
[8.702s] INFO:colcon.colcon_notification.desktop_notification:Sending desktop notification using 'notify2'
[8.711s] DEBUG:colcon.colcon_notification.desktop_notification.notify2:Failed to initialize notify2: org.freedesktop.DBus.Error.ServiceUnknown: The name org.freedesktop.Notifications was not provided by any .service files
[8.711s] DEBUG:colcon.colcon_core.event_reactor:joined thread
[8.712s] INFO:colcon.colcon_core.shell:Creating prefix script '/home/dalw/pb_ws/install/local_setup.ps1'
[8.715s] INFO:colcon.colcon_core.shell:Creating prefix util module '/home/dalw/pb_ws/install/_local_setup_util_ps1.py'
[8.720s] INFO:colcon.colcon_core.shell:Creating prefix chain script '/home/dalw/pb_ws/install/setup.ps1'
[8.743s] INFO:colcon.colcon_core.shell:Creating prefix script '/home/dalw/pb_ws/install/local_setup.sh'
[8.750s] INFO:colcon.colcon_core.shell:Creating prefix util module '/home/dalw/pb_ws/install/_local_setup_util_sh.py'
[8.754s] INFO:colcon.colcon_core.shell:Creating prefix chain script '/home/dalw/pb_ws/install/setup.sh'
[8.763s] INFO:colcon.colcon_core.shell:Creating prefix script '/home/dalw/pb_ws/install/local_setup.bash'
[8.765s] INFO:colcon.colcon_core.shell:Creating prefix chain script '/home/dalw/pb_ws/install/setup.bash'
[8.773s] INFO:colcon.colcon_core.shell:Creating prefix script '/home/dalw/pb_ws/install/local_setup.zsh'
[8.775s] INFO:colcon.colcon_core.shell:Creating prefix chain script '/home/dalw/pb_ws/install/setup.zsh'
